4<00:02, 31375605.18it/s]
 65%|██████▌   | 128175104/196580168 [00:04<00:03, 18141686.44it/s]
 68%|██████▊   | 133757952/196580168 [00:04<00:02, 23036821.80it/s]
 70%|███████   | 137745408/196580168 [00:05<00:02, 21820637.35it/s]
 73%|███████▎  | 143172608/196580168 [00:05<00:01, 27002524.39it/s]
 75%|███████▍  | 147147776/196580168 [00:05<00:01, 25156216.67it/s]
 77%|███████▋  | 152239104/196580168 [00:05<00:01, 29923406.30it/s]
 80%|████████  | 157287424/196580168 [00:05<00:01, 28795668.84it/s]
 83%|████████▎ | 162984960/196580168 [00:05<00:00, 34457387.68it/s]
 85%|████████▌ | 167773184/196580168 [00:06<00:01, 25602027.28it/s]
 89%|████████▉ | 174720000/196580168 [00:06<00:00, 33446420.53it/s]
 91%|█████████ | 179181568/196580168 [00:06<00:00, 28803800.74it/s]
 93%|█████████▎| 182919168/196580168 [00:06<00:00, 24602893.57it/s]
 95%|█████████▍| 186034176/196580168 [00:06<00:00, 24905095.37it/s]
 96%|█████████▌| 188996608/196580168 [00:06<00:00, 18807454.85it/s]
100%|█████████▉| 195868672/196580168 [00:07<00:00, 27358980.61it/s]
196580352it [00:07, 27654995.34it/s]                               
2026-10-09 22:16:21.744 | WARNING  | qlib.tests.data:_unzip:124 - will delete the old qlib data directory(features, instruments, calendars, features_cache, dataset_cache): /root/work/isolated-home/.qlib/qlib_data/cn_data
2026-10-09 22:16:21.745 | INFO     | qlib.tests.data:_unzip:128 - /root/work/isolated-home/.qlib/qlib_data/cn_data/20261009221614_qlib_data_cn_1d_latest.zip unzipping......

  0%|          | 0/31000 [00:00<?, ?it/s]
  1%|          | 311/31000 [00:00<00:09, 3103.48it/s]
  2%|▏         | 622/31000 [00:00<00:10, 2998.71it/s]
  3%|▎         | 925/31000 [00:00<00:09, 3010.41it/s]
  4%|▍         | 1227/31000 [00:00<00:09, 3010.08it/s]
  5%|▍         | 1531/31000 [00:00<00:09, 3017.48it/s]
  6%|▌         | 1833/31000 [00:00<00:10, 2894.80it/s]
  7%|▋         | 2124/31000 [00:00<00:09, 2894.20it/s]
  8%|▊         | 2438/31000 [00:00<00:09, 2967.98it/s]
  9%|▉         | 2745/31000 [00:00<00:09, 2996.77it/s]
 10%|▉         | 3075/31000 [00:01<00:09, 3088.08it/s]
 11%|█         | 3385/31000 [00:01<00:08, 3090.40it/s]
 12%|█▏        | 3713/31000 [00:01<00:08, 3145.49it/s]
 13%|█▎        | 4037/31000 [00:01<00:08, 3172.17it/s]
 14%|█▍        | 4382/31000 [00:01<00:08, 3255.53it/s]
 15%|█▌        | 4708/31000 [00:01<00:08, 3247.58it/s]
 16%|█▌        | 5033/31000 [00:01<00:08, 3060.31it/s]
 17%|█▋        | 5342/31000 [00:01<00:08, 3055.88it/s]
 18%|█▊        | 5662/31000 [00:01<00:08, 3095.03it/s]
 19%|█▉        | 5994/31000 [00:01<00:07, 3158.58it/s]
 20%|██        | 6350/31000 [00:02<00:07, 3274.21it/s]
 22%|██▏       | 6726/31000 [00:02<00:07, 3415.90it/s]
 23%|██▎       | 7135/31000 [00:02<00:06, 3613.07it/s]
 24%|██▍       | 7577/31000 [00:02<00:06, 3850.73it/s]
 26%|██▌       | 8009/31000 [00:02<00:05, 3985.64it/s]
 27%|██▋       | 8439/31000 [00:02<00:05, 4077.49it/s]
 29%|██▉       | 8923/31000 [00:02<00:05, 4304.40it/s]
 30%|███       | 9362/31000 [00:02<00:04, 4328.82it/s]
 32%|███▏      | 9837/31000 [00:02<00:04, 4454.39it/s]
 33%|███▎      | 10317/31000 [00:02<00:04, 4556.36it/s]
 35%|███▍      | 10773/31000 [00:03<00:04, 4482.83it/s]
 36%|███▌      | 11222/31000 [00:03<00:04, 4364.94it/s]
 38%|███▊      | 11660/31000 [00:03<00:04, 4258.04it/s]
 39%|███▉      | 12099/31000 [00:03<00:04, 4295.13it/s]
 41%|████      | 12633/31000 [00:03<00:03, 4599.02it/s]
 42%|████▏     | 13095/31000 [00:03<00:04, 4118.72it/s]
 44%|████▎     | 13517/31000 [00:03<00:04, 3809.78it/s]
 45%|████▍     | 13908/31000 [00:03<00:04, 3575.97it/s]
 46%|████▌     | 14274/31000 [00:04<00:05, 3315.54it/s]
 47%|████▋     | 14613/31000 [00:04<00:05, 3128.79it/s]
 48%|████▊     | 14931/31000 [00:04<00:05, 3012.27it/s]
 49%|████▉     | 15236/31000 [00:04<00:05, 2971.01it/s]
 50%|█████     | 15535/31000 [00:04<00:05, 2868.23it/s]
 51%|█████     | 15823/31000 [00:04<00:05, 2863.91it/s]
 52%|█████▏    | 16110/31000 [00:04<00:05, 2842.50it/s]
 53%|█████▎    | 16414/31000 [00:04<00:05, 2897.17it/s]
 54%|█████▍    | 16705/31000 [00:04<00:04, 2873.95it/s]
 55%|█████▍    | 16995/31000 [00:04<00:04, 2880.02it/s]
 56%|█████▌    | 17289/31000 [00:05<00:04, 2896.67it/s]
 57%|█████▋    | 17647/31000 [00:05<00:04, 3096.50it/s]
 58%|█████▊    | 18009/31000 [00:05<00:03, 3249.12it/s]
 59%|█████▉    | 18370/31000 [00:05<00:03, 3353.88it/s]
 60%|██████    | 18755/31000 [00:05<00:03, 3499.66it/s]
 62%|██████▏   | 19139/31000 [00:05<00:03, 3598.05it/s]
 63%|██████▎   | 19526/31000 [00:05<00:03, 3676.81it/s]
 64%|██████▍   | 19910/31000 [00:05<00:02, 3723.65it/s]
 65%|██████▌   | 20303/31000 [00:05<00:02, 3785.09it/s]
 67%|██████▋   | 20710/31000 [00:05<00:02, 3867.53it/s]
 68%|██████▊   | 21117/31000 [00:06<00:02, 3928.04it/s]
 69%|██████▉   | 21531/31000 [00:06<00:02, 3990.02it/s]
 71%|███████   | 21970/31000 [00:06<00:02, 4108.46it/s]
 72%|███████▏  | 22431/31000 [00:06<00:02, 4257.79it/s]
 74%|███████▍  | 22901/31000 [00:06<00:01, 4389.24it/s]
 75%|███████▌  | 23379/31000 [00:06<00:01, 4504.78it/s]
 77%|███████▋  | 23992/31000 [00:06<00:01, 4989.91it/s]
 79%|███████▉  | 24492/31000 [00:06<00:01, 4548.46it/s]
 80%|████████  | 24955/31000 [00:06<00:01, 4116.09it/s]
 82%|████████▏ | 25379/31000 [00:07<00:01, 3821.47it/s]
 83%|████████▎ | 25772/31000 [00:07<00:01, 3623.42it/s]
 84%|████████▍ | 26142/31000 [00:07<00:01, 3578.35it/s]
 86%|████████▌ | 26505/31000 [00:07<00:01, 3591.94it/s]
 87%|████████▋ | 26930/31000 [00:07<00:01, 3772.37it/s]
 88%|████████▊ | 27387/31000 [00:07<00:00, 3997.10it/s]
 90%|████████▉ | 27849/31000 [00:07<00:00, 4174.99it/s]
 91%|█████████▏| 28310/31000 [00:07<00:00, 4299.27it/s]
 93%|█████████▎| 28770/31000 [00:07<00:00, 4385.07it/s]
 94%|█████████▍| 29246/31000 [00:08<00:00, 4493.94it/s]
 96%|█████████▌| 29738/31000 [00:08<00:00, 4617.93it/s]
 98%|█████████▊| 30285/31000 [00:08<00:00, 4869.71it/s]
100%|█████████▉| 30887/31000 [00:08<00:00, 5210.26it/s]
100%|██████████| 31000/31000 [00:08<00:00, 3720.40it/s]
