✓ Initialized. View run at 
https://modal.com/apps/infi/main/ap-OMevDNbYh2C0QijSBiKRVc
Building image im-hAaQeZvF9V3si4aLXhpjoE

=> Step 0: FROM base

=> Step 1: COPY . /
Saving image...
Image saved, took 1.67s

Built image im-hAaQeZvF9V3si4aLXhpjoE in 7.96s


Building image im-hiMXzMSOOuTvFMfW3n7XD7

=> Step 0: FROM base

=> Step 1: RUN cd /root/qlib && pip install . --no-build-isolation 'numpy==1.26.4'
Looking in indexes: http://pypi-mirror.modal.local:5555/simple
Processing /root/qlib
  Preparing metadata (pyproject.toml): started
  Preparing metadata (pyproject.toml): finished with status 'done'
Requirement already satisfied: numpy==1.26.4 in /usr/local/lib/python3.11/site-packages (1.26.4)
Collecting pyyaml (from pyqlib==0.9.8.dev32)
  Downloading http://pypi-mirror.modal.local:5555/simple/pyyaml/pyyaml-6.0.3-cp311-cp311-manylinux2014_x86_64.manylinux_2_17_x86_64.manylinux_2_28_x86_64.whl.metadata (2.4 kB)
Requirement already satisfied: pandas>=1.1 in /usr/local/lib/python3.11/site-packages (from pyqlib==0.9.8.dev32) (2.2.3)
Collecting mlflow (from pyqlib==0.9.8.dev32)
  Downloading http://pypi-mirror.modal.local:5555/simple/mlflow/mlflow-3.17.0-py3-none-any.whl.metadata (50 kB)
Collecting filelock>=3.16.0 (from pyqlib==0.9.8.dev32)
  Downloading http://pypi-mirror.modal.local:5555/simple/filelock/filelock-4.1.0-py3-none-any.whl.metadata (2.0 kB)
Collecting redis (from pyqlib==0.9.8.dev32)
  Downloading http://pypi-mirror.modal.local:5555/simple/redis/redis-8.1.0-py3-none-any.whl.metadata (16 kB)
Collecting dill (from pyqlib==0.9.8.dev32)
  Downloading http://pypi-mirror.modal.local:5555/simple/dill/dill-0.4.1-py3-none-any.whl.metadata (10 kB)
Collecting fire (from pyqlib==0.9.8.dev32)
  Downloading http://pypi-mirror.modal.local:5555/simple/fire/fire-0.7.1-py3-none-any.whl.metadata (5.8 kB)
Collecting ruamel.yaml>=0.17.38 (from pyqlib==0.9.8.dev32)
  Downloading http://pypi-mirror.modal.local:5555/simple/ruamel-yaml/ruamel_yaml-0.19.1-py3-none-any.whl.metadata (16 kB)
Collecting python-redis-lock (from pyqlib==0.9.8.dev32)
  Downloading http://pypi-mirror.modal.local:5555/simple/python-redis-lock/python_redis_lock-4.0.1-py3-none-any.whl.metadata (17 kB)
Collecting tqdm (from pyqlib==0.9.8.dev32)
  Downloading http://pypi-mirror.modal.local:5555/simple/tqdm/tqdm-4.70.1-py3-none-any.whl.metadata (57 kB)
Collecting pymongo (from pyqlib==0.9.8.dev32)
  Downloading http://pypi-mirror.modal.local:5555/simple/pymongo/pymongo-4.18.3-cp311-cp311-manylinux2014_x86_64.manylinux_2_17_x86_64.manylinux_2_28_x86_64.whl.metadata (10 kB)
Collecting loguru (from pyqlib==0.9.8.dev32)
  Downloading http://pypi-mirror.modal.local:5555/simple/loguru/loguru-0.7.3-py3-none-any.whl.metadata (22 kB)
Collecting lightgbm (from pyqlib==0.9.8.dev32)
  Downloading http://pypi-mirror.modal.local:5555/simple/lightgbm/lightgbm-4.7.0-py3-none-manylinux_2_27_x86_64.manylinux_2_28_x86_64.whl.metadata (18 kB)
Collecting gym (from pyqlib==0.9.8.dev32)
  Downloading http://pypi-mirror.modal.local:5555/simple/gym/gym-0.26.2.tar.gz (721 kB)
     ━━━━━━━━━━━━━━━━━━━━━━━━━━━━━━━━━━━━━━━━ 721.7/721.7 kB 218.2 MB/s  0:00:00
  Preparing metadata (pyproject.toml): started
  Preparing metadata (pyproject.toml): finished with status 'done'
Collecting cvxpy (from pyqlib==0.9.8.dev32)
  Downloading http://pypi-mirror.modal.local:5555/simple/cvxpy/cvxpy-1.9.3-cp311-cp311-manylinux_2_24_x86_64.manylinux_2_28_x86_64.whl.metadata (9.7 kB)
Collecting joblib (from pyqlib==0.9.8.dev32)
  Downloading http://pypi-mirror.modal.local:5555/simple/joblib/joblib-1.6.0-py3-none-any.whl.metadata (6.5 kB)
Collecting matplotlib (from pyqlib==0.9.8.dev32)
  Downloading http://pypi-mirror.modal.local:5555/simple/matplotlib/matplotlib-3.11.2-cp311-cp311-manylinux2014_x86_64.manylinux_2_17_x86_64.whl.metadata (80 kB)
Collecting jupyter (from pyqlib==0.9.8.dev32)
  Downloading http://pypi-mirror.modal.local:5555/simple/jupyter/jupyter-1.1.1-py2.py3-none-any.whl.metadata (2.0 kB)
Collecting nbconvert (from pyqlib==0.9.8.dev32)
  Downloading http://pypi-mirror.modal.local:5555/simple/nbconvert/nbconvert-7.17.1-py3-none-any.whl.metadata (8.4 kB)
Requirement already satisfied: pyarrow in /usr/local/lib/python3.11/site-packages (from pyqlib==0.9.8.dev32) (17.0.0)
Collecting pydantic-settings (from pyqlib==0.9.8.dev32)
  Downloading http://pypi-mirror.modal.local:5555/simple/pydantic-settings/pydantic_settings-2.15.0-py3-none-any.whl.metadata (3.9 kB)
Requirement already satisfied: setuptools-scm in /usr/local/lib/python3.11/site-packages (from pyqlib==0.9.8.dev32) (10.3.4)
Requirement already satisfied: python-dateutil>=2.8.2 in /usr/local/lib/python3.11/site-packages (from pandas>=1.1->pyqlib==0.9.8.dev32) (2.9.0.post0)
Requirement already satisfied: pytz>=2020.1 in /usr/local/lib/python3.11/site-packages (from pandas>=1.1->pyqlib==0.9.8.dev32) (2026.5)
Requirement already satisfied: tzdata>=2022.7 in /usr/local/lib/python3.11/site-packages (from pandas>=1.1->pyqlib==0.9.8.dev32) (2026.5)
Requirement already satisfied: six>=1.5 in /usr/local/lib/python3.11/site-packages (from python-dateutil>=2.8.2->pandas>=1.1->pyqlib==0.9.8.dev32) (1.17.0)
Collecting osqp>=1.0.0 (from cvxpy->pyqlib==0.9.8.dev32)
  Downloading http://pypi-mirror.modal.local:5555/simple/osqp/osqp-1.1.3-cp311-cp311-manylinux_2_24_x86_64.manylinux_2_28_x86_64.whl.metadata (2.2 kB)
Collecting clarabel>=0.5.0 (from cvxpy->pyqlib==0.9.8.dev32)
  Downloading http://pypi-mirror.modal.local:5555/simple/clarabel/clarabel-0.11.1-cp39-abi3-manylinux_2_17_x86_64.manylinux2014_x86_64.whl.metadata (4.8 kB)
Collecting scs>=3.2.4.post1 (from cvxpy->pyqlib==0.9.8.dev32)
  Downloading http://pypi-mirror.modal.local:5555/simple/scs/scs-3.3.1-cp311-cp311-manylinux_2_27_x86_64.manylinux_2_28_x86_64.whl.metadata (9.1 kB)
INFO: pip is looking at multiple versions of cvxpy to determine which version is compatible with other requirements. This could take a while.
Collecting cvxpy (from pyqlib==0.9.8.dev32)
  Downloading http://pypi-mirror.modal.local:5555/simple/cvxpy/cvxpy-1.9.2-cp311-cp311-manylinux_2_24_x86_64.manylinux_2_28_x86_64.whl.metadata (9.7 kB)
  Downloading http://pypi-mirror.modal.local:5555/simple/cvxpy/cvxpy-1.9.1-cp311-cp311-manylinux_2_24_x86_64.manylinux_2_28_x86_64.whl.metadata (9.7 kB)
  Downloading http://pypi-mirror.modal.local:5555/simple/cvxpy/cvxpy-1.9.0-cp311-cp311-manylinux_2_24_x86_64.manylinux_2_28_x86_64.whl.metadata (9.5 kB)
  Downloading http://pypi-mirror.modal.local:5555/simple/cvxpy/cvxpy-1.8.2-cp311-cp311-manylinux_2_24_x86_64.manylinux_2_28_x86_64.whl.metadata (9.6 kB)
  Downloading http://pypi-mirror.modal.local:5555/simple/cvxpy/cvxpy-1.8.1-cp311-cp311-manylinux_2_24_x86_64.manylinux_2_28_x86_64.whl.metadata (9.6 kB)
  Downloading http://pypi-mirror.modal.local:5555/simple/cvxpy/cvxpy-1.8.0-cp311-cp311-manylinux_2_24_x86_64.manylinux_2_28_x86_64.whl.metadata (9.6 kB)
  Downloading http://pypi-mirror.modal.local:5555/simple/cvxpy/cvxpy-1.7.5-cp311-cp311-manylinux_2_24_x86_64.manylinux_2_28_x86_64.whl.metadata (9.5 kB)
Collecting scipy>=1.13.0 (from cvxpy->pyqlib==0.9.8.dev32)
  Downloading http://pypi-mirror.modal.local:5555/simple/scipy/scipy-1.17.1-cp311-cp311-manylinux_2_27_x86_64.manylinux_2_28_x86_64.whl.metadata (62 kB)
Collecting cffi (from clarabel>=0.5.0->cvxpy->pyqlib==0.9.8.dev32)
  Downloading http://pypi-mirror.modal.local:5555/simple/cffi/cffi-2.1.1-cp311-cp311-manylinux2014_x86_64.manylinux_2_17_x86_64.whl.metadata (2.5 kB)
Collecting jinja2 (from osqp>=1.0.0->cvxpy->pyqlib==0.9.8.dev32)
  Downloading http://pypi-mirror.modal.local:5555/simple/jinja2/jinja2-3.1.6-py3-none-any.whl.metadata (2.9 kB)
Requirement already satisfied: setuptools in /usr/local/lib/python3.11/site-packages (from osqp>=1.0.0->cvxpy->pyqlib==0.9.8.dev32) (65.5.1)
Collecting pycparser (from cffi->clarabel>=0.5.0->cvxpy->pyqlib==0.9.8.dev32)
  Downloading http://pypi-mirror.modal.local:5555/simple/pycparser/pycparser-3.11-py3-none-any.whl.metadata (8.2 kB)
Collecting termcolor (from fire->pyqlib==0.9.8.dev32)
  Downloading http://pypi-mirror.modal.local:5555/simple/termcolor/termcolor-3.3.0-py3-none-any.whl.metadata (6.5 kB)
Collecting cloudpickle>=1.2.0 (from gym->pyqlib==0.9.8.dev32)
  Downloading http://pypi-mirror.modal.local:5555/simple/cloudpickle/cloudpickle-3.1.2-py3-none-any.whl.metadata (7.1 kB)
Collecting gym-notices>=0.0.4 (from gym->pyqlib==0.9.8.dev32)
  Downloading http://pypi-mirror.modal.local:5555/simple/gym-notices/gym_notices-0.1.0-py3-none-any.whl.metadata (1.2 kB)
Collecting MarkupSafe>=2.0 (from jinja2->osqp>=1.0.0->cvxpy->pyqlib==0.9.8.dev32)
  Downloading http://pypi-mirror.modal.local:5555/simple/markupsafe/markupsafe-3.0.4-cp311-cp311-manylinux2014_x86_64.manylinux_2_17_x86_64.manylinux_2_28_x86_64.whl.metadata (2.7 kB)
Collecting notebook (from jupyter->pyqlib==0.9.8.dev32)
  Downloading http://pypi-mirror.modal.local:5555/simple/notebook/notebook-7.6.3-py3-none-any.whl.metadata (10 kB)
Collecting jupyter-console (from jupyter->pyqlib==0.9.8.dev32)
  Downloading http://pypi-mirror.modal.local:5555/simple/jupyter-console/jupyter_console-6.6.3-py3-none-any.whl.metadata (5.8 kB)
Collecting ipykernel (from jupyter->pyqlib==0.9.8.dev32)
  Downloading http://pypi-mirror.modal.local:5555/simple/ipykernel/ipykernel-7.4.0-py3-none-any.whl.metadata (3.4 kB)
Collecting ipywidgets (from jupyter->pyqlib==0.9.8.dev32)
  Downloading http://pypi-mirror.modal.local:5555/simple/ipywidgets/ipywidgets-8.1.9-py3-none-any.whl.metadata (2.4 kB)
Collecting jupyterlab (from jupyter->pyqlib==0.9.8.dev32)
  Downloading http://pypi-mirror.modal.local:5555/simple/jupyterlab/jupyterlab-4.6.4-py3-none-any.whl.metadata (16 kB)
Collecting comm>=0.1.1 (from ipykernel->jupyter->pyqlib==0.9.8.dev32)
  Downloading http://pypi-mirror.modal.local:5555/simple/comm/comm-0.2.3-py3-none-any.whl.metadata (3.7 kB)
Collecting debugpy>=1.6.5 (from ipykernel->jupyter->pyqlib==0.9.8.dev32)
  Downloading http://pypi-mirror.modal.local:5555/simple/debugpy/debugpy-1.8.22-cp311-cp311-manylinux_2_34_x86_64.whl.metadata (1.4 kB)
Collecting ipython>=7.23.1 (from ipykernel->jupyter->pyqlib==0.9.8.dev32)
  Downloading http://pypi-mirror.modal.local:5555/simple/ipython/ipython-9.17.1-py3-none-any.whl.metadata (4.6 kB)
Collecting jupyter-client>=8.9.0 (from ipykernel->jupyter->pyqlib==0.9.8.dev32)
  Downloading http://pypi-mirror.modal.local:5555/simple/jupyter-client/jupyter_client-8.10.0-py3-none-any.whl.metadata (8.5 kB)
Collecting jupyter-core!=6.0.*,>=5.1 (from ipykernel->jupyter->pyqlib==0.9.8.dev32)
  Downloading http://pypi-mirror.modal.local:5555/simple/jupyter-core/jupyter_core-5.9.1-py3-none-any.whl.metadata (1.5 kB)
Collecting matplotlib-inline>=0.1 (from ipykernel->jupyter->pyqlib==0.9.8.dev32)
  Downloading http://pypi-mirror.modal.local:5555/simple/matplotlib-inline/matplotlib_inline-0.2.2-py3-none-any.whl.metadata (2.4 kB)
Collecting nest-asyncio2>=1.7.0 (from ipykernel->jupyter->pyqlib==0.9.8.dev32)
  Downloading http://pypi-mirror.modal.local:5555/simple/nest-asyncio2/nest_asyncio2-1.7.4-py3-none-any.whl.metadata (7.0 kB)
Requirement already satisfied: packaging>=22 in /usr/local/lib/python3.11/site-packages (from ipykernel->jupyter->pyqlib==0.9.8.dev32) (26.3)
Collecting pyzmq>=25 (from ipykernel->jupyter->pyqlib==0.9.8.dev32)
  Downloading http://pypi-mirror.modal.local:5555/simple/pyzmq/pyzmq-27.2.0-cp311-cp311-manylinux_2_26_x86_64.manylinux_2_28_x86_64.whl.metadata (3.8 kB)
Collecting tornado>=6.5.7 (from ipykernel->jupyter->pyqlib==0.9.8.dev32)
  Downloading http://pypi-mirror.modal.local:5555/simple/tornado/tornado-6.5.10-cp39-abi3-manylinux1_x86_64.manylinux_2_28_x86_64.manylinux_2_5_x86_64.whl.metadata (2.8 kB)
Collecting traitlets>=5.4.0 (from ipykernel->jupyter->pyqlib==0.9.8.dev32)
  Downloading http://pypi-mirror.modal.local:5555/simple/traitlets/traitlets-5.16.1-py3-none-any.whl.metadata (10 kB)
Collecting ipython-pygments-lexers>=1.0.0 (from ipython>=7.23.1->ipykernel->jupyter->pyqlib==0.9.8.dev32)
  Downloading http://pypi-mirror.modal.local:5555/simple/ipython-pygments-lexers/ipython_pygments_lexers-1.1.1-py3-none-any.whl.metadata (1.1 kB)
Collecting jedi>=0.18.2 (from ipython>=7.23.1->ipykernel->jupyter->pyqlib==0.9.8.dev32)
  Downloading http://pypi-mirror.modal.local:5555/simple/jedi/jedi-0.20.0-py2.py3-none-any.whl.metadata (23 kB)
Collecting pexpect>4.6 (from ipython>=7.23.1->ipykernel->jupyter->pyqlib==0.9.8.dev32)
  Downloading http://pypi-mirror.modal.local:5555/simple/pexpect/pexpect-4.9.0-py2.py3-none-any.whl.metadata (2.5 kB)
Collecting prompt_toolkit<3.1.0,>=3.0.41 (from ipython>=7.23.1->ipykernel->jupyter->pyqlib==0.9.8.dev32)
  Downloading http://pypi-mirror.modal.local:5555/simple/prompt-toolkit/prompt_toolkit-3.0.53-py3-none-any.whl.metadata (6.4 kB)
Collecting psutil>=7 (from ipython>=7.23.1->ipykernel->jupyter->pyqlib==0.9.8.dev32)
  Downloading http://pypi-mirror.modal.local:5555/simple/psutil/psutil-7.2.2-cp36-abi3-manylinux2010_x86_64.manylinux_2_12_x86_64.manylinux_2_28_x86_64.whl.metadata (22 kB)
Collecting pygments>=2.14.0 (from ipython>=7.23.1->ipykernel->jupyter->pyqlib==0.9.8.dev32)
  Downloading http://pypi-mirror.modal.local:5555/simple/pygments/pygments-2.21.0-py3-none-any.whl.metadata (2.5 kB)
Collecting stack_data>=0.6.0 (from ipython>=7.23.1->ipykernel->jupyter->pyqlib==0.9.8.dev32)
  Downloading http://pypi-mirror.modal.local:5555/simple/stack-data/stack_data-0.6.3-py3-none-any.whl.metadata (18 kB)
Collecting typing_extensions>=4.6 (from ipython>=7.23.1->ipykernel->jupyter->pyqlib==0.9.8.dev32)
  Downloading http://pypi-mirror.modal.local:5555/simple/typing-extensions/typing_extensions-4.16.0-py3-none-any.whl.metadata (3.3 kB)
Collecting wcwidth>=0.1.4 (from prompt_toolkit<3.1.0,>=3.0.41->ipython>=7.23.1->ipykernel->jupyter->pyqlib==0.9.8.dev32)
  Downloading http://pypi-mirror.modal.local:5555/simple/wcwidth/wcwidth-0.9.2-cp310-abi3-manylinux2014_x86_64.manylinux_2_17_x86_64.whl.metadata (23 kB)
Collecting parso<0.9.0,>=0.8.6 (from jedi>=0.18.2->ipython>=7.23.1->ipykernel->jupyter->pyqlib==0.9.8.dev32)
  Downloading http://pypi-mirror.modal.local:5555/simple/parso/parso-0.8.7-py2.py3-none-any.whl.metadata (8.2 kB)
Collecting platformdirs>=2.5 (from jupyter-core!=6.0.*,>=5.1->ipykernel->jupyter->pyqlib==0.9.8.dev32)
  Downloading http://pypi-mirror.modal.local:5555/simple/platformdirs/platformdirs-4.12.4-py3-none-any.whl.metadata (5.5 kB)
Collecting ptyprocess>=0.5 (from pexpect>4.6->ipython>=7.23.1->ipykernel->jupyter->pyqlib==0.9.8.dev32)
  Downloading http://pypi-mirror.modal.local:5555/simple/ptyprocess/ptyprocess-0.7.0-py2.py3-none-any.whl.metadata (1.3 kB)
Collecting executing>=1.2.0 (from stack_data>=0.6.0->ipython>=7.23.1->ipykernel->jupyter->pyqlib==0.9.8.dev32)
  Downloading http://pypi-mirror.modal.local:5555/simple/executing/executing-2.3.0-py3-none-any.whl.metadata (9.1 kB)
Collecting asttokens>=2.1.0 (from stack_data>=0.6.0->ipython>=7.23.1->ipykernel->jupyter->pyqlib==0.9.8.dev32)
  Downloading http://pypi-mirror.modal.local:5555/simple/asttokens/asttokens-3.0.2-py3-none-any.whl.metadata (5.7 kB)
Collecting pure-eval (from stack_data>=0.6.0->ipython>=7.23.1->ipykernel->jupyter->pyqlib==0.9.8.dev32)
  Downloading http://pypi-mirror.modal.local:5555/simple/pure-eval/pure_eval-0.2.4-py3-none-any.whl.metadata (6.4 kB)
Collecting widgetsnbextension~=4.0.16 (from ipywidgets->jupyter->pyqlib==0.9.8.dev32)
  Downloading http://pypi-mirror.modal.local:5555/simple/widgetsnbextension/widgetsnbextension-4.0.16-py3-none-any.whl.metadata (1.6 kB)
Collecting jupyterlab_widgets~=3.0.17 (from ipywidgets->jupyter->pyqlib==0.9.8.dev32)
  Downloading http://pypi-mirror.modal.local:5555/simple/jupyterlab-widgets/jupyterlab_widgets-3.0.17-py3-none-any.whl.metadata (20 kB)
Collecting async-lru>=1.0.0 (from jupyterlab->jupyter->pyqlib==0.9.8.dev32)
  Downloading http://pypi-mirror.modal.local:5555/simple/async-lru/async_lru-2.3.0-py3-none-any.whl.metadata (7.6 kB)
Collecting httpx<1,>=0.25.0 (from jupyterlab->jupyter->pyqlib==0.9.8.dev32)
  Downloading http://pypi-mirror.modal.local:5555/simple/httpx/httpx-0.28.1-py3-none-any.whl.metadata (7.1 kB)
Collecting jupyter-builder>=1.0.2 (from jupyterlab->jupyter->pyqlib==0.9.8.dev32)
  Downloading http://pypi-mirror.modal.local:5555/simple/jupyter-builder/jupyter_builder-1.2.3-py3-none-any.whl.metadata (7.8 kB)
Collecting jupyter-lsp>=2.0.0 (from jupyterlab->jupyter->pyqlib==0.9.8.dev32)
  Downloading http://pypi-mirror.modal.local:5555/simple/jupyter-lsp/jupyter_lsp-2.3.1-py3-none-any.whl.metadata (1.8 kB)
Collecting jupyter-server<3,>=2.19.0 (from jupyterlab->jupyter->pyqlib==0.9.8.dev32)
  Downloading http://pypi-mirror.modal.local:5555/simple/jupyter-server/jupyter_server-2.21.1-py3-none-any.whl.metadata (8.5 kB)
Collecting jupyterlab-server<3,>=2.28.0 (from jupyterlab->jupyter->pyqlib==0.9.8.dev32)
  Downloading http://pypi-mirror.modal.local:5555/simple/jupyterlab-server/jupyterlab_server-2.28.1-py3-none-any.whl.metadata (5.8 kB)
Collecting notebook-shim>=0.2 (from jupyterlab->jupyter->pyqlib==0.9.8.dev32)
  Downloading http://pypi-mirror.modal.local:5555/simple/notebook-shim/notebook_shim-0.2.4-py3-none-any.whl.metadata (4.0 kB)
Collecting anyio (from httpx<1,>=0.25.0->jupyterlab->jupyter->pyqlib==0.9.8.dev32)
  Downloading http://pypi-mirror.modal.local:5555/simple/anyio/anyio-4.15.1-py3-none-any.whl.metadata (4.7 kB)
Collecting certifi (from httpx<1,>=0.25.0->jupyterlab->jupyter->pyqlib==0.9.8.dev32)
  Downloading http://pypi-mirror.modal.local:5555/simple/certifi/certifi-2026.7.22-py3-none-any.whl.metadata (2.5 kB)
Collecting httpcore==1.* (from httpx<1,>=0.25.0->jupyterlab->jupyter->pyqlib==0.9.8.dev32)
  Downloading http://pypi-mirror.modal.local:5555/simple/httpcore/httpcore-1.0.9-py3-none-any.whl.metadata (21 kB)
Collecting idna (from httpx<1,>=0.25.0->jupyterlab->jupyter->pyqlib==0.9.8.dev32)
  Downloading http://pypi-mirror.modal.local:5555/simple/idna/idna-3.20-py3-none-any.whl.metadata (7.2 kB)
Collecting h11>=0.16 (from httpcore==1.*->httpx<1,>=0.25.0->jupyterlab->jupyter->pyqlib==0.9.8.dev32)
  Downloading http://pypi-mirror.modal.local:5555/simple/h11/h11-0.16.0-py3-none-any.whl.metadata (8.3 kB)
Collecting argon2-cffi>=21.1 (from jupyter-server<3,>=2.19.0->jupyterlab->jupyter->pyqlib==0.9.8.dev32)
  Downloading http://pypi-mirror.modal.local:5555/simple/argon2-cffi/argon2_cffi-25.1.0-py3-none-any.whl.metadata (4.1 kB)
Collecting jupyter-events>=0.11.0 (from jupyter-server<3,>=2.19.0->jupyterlab->jupyter->pyqlib==0.9.8.dev32)
  Downloading http://pypi-mirror.modal.local:5555/simple/jupyter-events/jupyter_events-0.12.1-py3-none-any.whl.metadata (5.8 kB)
Collecting jupyter-server-terminals>=0.4.4 (from jupyter-server<3,>=2.19.0->jupyterlab->jupyter->pyqlib==0.9.8.dev32)
  Downloading http://pypi-mirror.modal.local:5555/simple/jupyter-server-terminals/jupyter_server_terminals-0.5.4-py3-none-any.whl.metadata (5.9 kB)
Collecting nbformat>=5.3.0 (from jupyter-server<3,>=2.19.0->jupyterlab->jupyter->pyqlib==0.9.8.dev32)
  Downloading http://pypi-mirror.modal.local:5555/simple/nbformat/nbformat-5.11.1-py3-none-any.whl.metadata (3.7 kB)
Collecting overrides>=5.0 (from jupyter-server<3,>=2.19.0->jupyterlab->jupyter->pyqlib==0.9.8.dev32)
  Downloading http://pypi-mirror.modal.local:5555/simple/overrides/overrides-7.7.0-py3-none-any.whl.metadata (5.8 kB)
Collecting prometheus-client>=0.9 (from jupyter-server<3,>=2.19.0->jupyterlab->jupyter->pyqlib==0.9.8.dev32)
  Downloading http://pypi-mirror.modal.local:5555/simple/prometheus-client/prometheus_client-0.26.0-py3-none-any.whl.metadata (2.1 kB)
Collecting send2trash>=1.8.2 (from jupyter-server<3,>=2.19.0->jupyterlab->jupyter->pyqlib==0.9.8.dev32)
  Downloading http://pypi-mirror.modal.local:5555/simple/send2trash/send2trash-2.1.0-py3-none-any.whl.metadata (4.1 kB)
Collecting terminado>=0.8.3 (from jupyter-server<3,>=2.19.0->jupyterlab->jupyter->pyqlib==0.9.8.dev32)
  Downloading http://pypi-mirror.modal.local:5555/simple/terminado/terminado-0.18.1-py3-none-any.whl.metadata (5.8 kB)
Collecting websocket-client>=1.7 (from jupyter-server<3,>=2.19.0->jupyterlab->jupyter->pyqlib==0.9.8.dev32)
  Downloading http://pypi-mirror.modal.local:5555/simple/websocket-client/websocket_client-1.9.2-py3-none-any.whl.metadata (8.3 kB)
Collecting babel>=2.10 (from jupyterlab-server<3,>=2.28.0->jupyterlab->jupyter->pyqlib==0.9.8.dev32)
  Downloading http://pypi-mirror.modal.local:5555/simple/babel/babel-2.18.0-py3-none-any.whl.metadata (2.2 kB)
Collecting json5>=0.9.0 (from jupyterlab-server<3,>=2.28.0->jupyterlab->jupyter->pyqlib==0.9.8.dev32)
  Downloading http://pypi-mirror.modal.local:5555/simple/json5/json5-0.17.3-py3-none-any.whl.metadata (27 kB)
Collecting jsonschema>=4.18.0 (from jupyterlab-server<3,>=2.28.0->jupyterlab->jupyter->pyqlib==0.9.8.dev32)
  Downloading http://pypi-mirror.modal.local:5555/simple/jsonschema/jsonschema-4.26.0-py3-none-any.whl.metadata (7.6 kB)
Collecting requests>=2.31 (from jupyterlab-server<3,>=2.28.0->jupyterlab->jupyter->pyqlib==0.9.8.dev32)
  Downloading http://pypi-mirror.modal.local:5555/simple/requests/requests-2.34.2-py3-none-any.whl.metadata (4.8 kB)
Collecting argon2-cffi-bindings (from argon2-cffi>=21.1->jupyter-server<3,>=2.19.0->jupyterlab->jupyter->pyqlib==0.9.8.dev32)
  Downloading http://pypi-mirror.modal.local:5555/simple/argon2-cffi-bindings/argon2_cffi_bindings-26.1.0-cp310-abi3-manylinux_2_26_x86_64.manylinux_2_28_x86_64.whl.metadata (7.5 kB)
Collecting attrs>=22.2.0 (from jsonschema>=4.18.0->jupyterlab-server<3,>=2.28.0->jupyterlab->jupyter->pyqlib==0.9.8.dev32)
  Downloading http://pypi-mirror.modal.local:5555/simple/attrs/attrs-26.1.0-py3-none-any.whl.metadata (8.8 kB)
Collecting jsonschema-specifications>=2023.03.6 (from jsonschema>=4.18.0->jupyterlab-server<3,>=2.28.0->jupyterlab->jupyter->pyqlib==0.9.8.dev32)
  Downloading http://pypi-mirror.modal.local:5555/simple/jsonschema-specifications/jsonschema_specifications-2025.9.1-py3-none-any.whl.metadata (2.9 kB)
Collecting referencing>=0.28.4 (from jsonschema>=4.18.0->jupyterlab-server<3,>=2.28.0->jupyterlab->jupyter->pyqlib==0.9.8.dev32)
  Downloading http://pypi-mirror.modal.local:5555/simple/referencing/referencing-0.37.0-py3-none-any.whl.metadata (2.8 kB)
Collecting rpds-py>=0.25.0 (from jsonschema>=4.18.0->jupyterlab-server<3,>=2.28.0->jupyterlab->jupyter->pyqlib==0.9.8.dev32)
  Downloading http://pypi-mirror.modal.local:5555/simple/rpds-py/rpds_py-2026.9.1-cp311-cp311-manylinux_2_17_x86_64.manylinux2014_x86_64.whl.metadata (4.1 kB)
Collecting python-json-logger>=2.0.4 (from jupyter-events>=0.11.0->jupyter-server<3,>=2.19.0->jupyterlab->jupyter->pyqlib==0.9.8.dev32)
  Downloading http://pypi-mirror.modal.local:5555/simple/python-json-logger/python_json_logger-4.2.0-py3-none-any.whl.metadata (2.9 kB)
Collecting rfc3339-validator (from jupyter-events>=0.11.0->jupyter-server<3,>=2.19.0->jupyterlab->jupyter->pyqlib==0.9.8.dev32)
  Downloading http://pypi-mirror.modal.local:5555/simple/rfc3339-validator/rfc3339_validator-0.1.4-py2.py3-none-any.whl.metadata (1.5 kB)
Collecting rfc3986-validator>=0.1.1 (from jupyter-events>=0.11.0->jupyter-server<3,>=2.19.0->jupyterlab->jupyter->pyqlib==0.9.8.dev32)
  Downloading http://pypi-mirror.modal.local:5555/simple/rfc3986-validator/rfc3986_validator-0.1.1-py2.py3-none-any.whl.metadata (1.7 kB)
Collecting fqdn (from jsonschema[format-nongpl]>=4.18.0->jupyter-events>=0.11.0->jupyter-server<3,>=2.19.0->jupyterlab->jupyter->pyqlib==0.9.8.dev32)
  Downloading http://pypi-mirror.modal.local:5555/simple/fqdn/fqdn-1.6.0-py3-none-any.whl.metadata (9.4 kB)
Collecting isoduration (from jsonschema[format-nongpl]>=4.18.0->jupyter-events>=0.11.0->jupyter-server<3,>=2.19.0->jupyterlab->jupyter->pyqlib==0.9.8.dev32)
  Downloading http://pypi-mirror.modal.local:5555/simple/isoduration/isoduration-20.11.0-py3-none-any.whl.metadata (5.7 kB)
Collecting jsonpointer>1.13 (from jsonschema[format-nongpl]>=4.18.0->jupyter-events>=0.11.0->jupyter-server<3,>=2.19.0->jupyterlab->jupyter->pyqlib==0.9.8.dev32)
  Downloading http://pypi-mirror.modal.local:5555/simple/jsonpointer/jsonpointer-3.2.0-py3-none-any.whl.metadata (2.4 kB)
Collecting rfc3987-syntax>=1.1.0 (from jsonschema[format-nongpl]>=4.18.0->jupyter-events>=0.11.0->jupyter-server<3,>=2.19.0->jupyterlab->jupyter->pyqlib==0.9.8.dev32)
  Downloading http://pypi-mirror.modal.local:5555/simple/rfc3987-syntax/rfc3987_syntax-1.1.0-py3-none-any.whl.metadata (7.7 kB)
Collecting uri-template (from jsonschema[format-nongpl]>=4.18.0->jupyter-events>=0.11.0->jupyter-server<3,>=2.19.0->jupyterlab->jupyter->pyqlib==0.9.8.dev32)
  Downloading http://pypi-mirror.modal.local:5555/simple/uri-template/uri_template-1.3.0-py3-none-any.whl.metadata (8.8 kB)
Collecting webcolors>=24.6.0 (from jsonschema[format-nongpl]>=4.18.0->jupyter-events>=0.11.0->jupyter-server<3,>=2.19.0->jupyterlab->jupyter->pyqlib==0.9.8.dev32)
  Downloading http://pypi-mirror.modal.local:5555/simple/webcolors/webcolors-25.10.0-py3-none-any.whl.metadata (2.2 kB)
Collecting beautifulsoup4 (from nbconvert->pyqlib==0.9.8.dev32)
  Downloading http://pypi-mirror.modal.local:5555/simple/beautifulsoup4/beautifulsoup4-4.15.0-py3-none-any.whl.metadata (3.8 kB)
Collecting bleach!=5.0.0 (from bleach[css]!=5.0.0->nbconvert->pyqlib==0.9.8.dev32)
  Downloading http://pypi-mirror.modal.local:5555/simple/bleach/bleach-6.4.0-py3-none-any.whl.metadata (32 kB)
Collecting defusedxml (from nbconvert->pyqlib==0.9.8.dev32)
  Downloading http://pypi-mirror.modal.local:5555/simple/defusedxml/defusedxml-0.7.1-py2.py3-none-any.whl.metadata (32 kB)
Collecting jupyterlab-pygments (from nbconvert->pyqlib==0.9.8.dev32)
  Downloading http://pypi-mirror.modal.local:5555/simple/jupyterlab-pygments/jupyterlab_pygments-0.3.0-py3-none-any.whl.metadata (4.4 kB)
Collecting mistune<4,>=2.0.3 (from nbconvert->pyqlib==0.9.8.dev32)
  Downloading http://pypi-mirror.modal.local:5555/simple/mistune/mistune-3.3.4-py3-none-any.whl.metadata (1.9 kB)
Collecting nbclient>=0.5.0 (from nbconvert->pyqlib==0.9.8.dev32)
  Downloading http://pypi-mirror.modal.local:5555/simple/nbclient/nbclient-0.11.0-py3-none-any.whl.metadata (7.3 kB)
Collecting pandocfilters>=1.4.1 (from nbconvert->pyqlib==0.9.8.dev32)
  Downloading http://pypi-mirror.modal.local:5555/simple/pandocfilters/pandocfilters-1.5.1-py2.py3-none-any.whl.metadata (9.0 kB)
Collecting webencodings (from bleach!=5.0.0->bleach[css]!=5.0.0->nbconvert->pyqlib==0.9.8.dev32)
  Downloading http://pypi-mirror.modal.local:5555/simple/webencodings/webencodings-0.6.1-py3-none-any.whl.metadata (3.4 kB)
Collecting tinycss2>=1.1.0 (from bleach[css]!=5.0.0->nbconvert->pyqlib==0.9.8.dev32)
  Downloading http://pypi-mirror.modal.local:5555/simple/tinycss2/tinycss2-1.5.1-py3-none-any.whl.metadata (3.0 kB)
Collecting fastjsonschema>=2.15 (from nbformat>=5.3.0->jupyter-server<3,>=2.19.0->jupyterlab->jupyter->pyqlib==0.9.8.dev32)
  Downloading http://pypi-mirror.modal.local:5555/simple/fastjsonschema/fastjsonschema-2.22.2-py3-none-any.whl.metadata (2.1 kB)
Collecting charset_normalizer<4,>=2 (from requests>=2.31->jupyterlab-server<3,>=2.28.0->jupyterlab->jupyter->pyqlib==0.9.8.dev32)
  Downloading http://pypi-mirror.modal.local:5555/simple/charset-normalizer/charset_normalizer-3.5.2-cp311-cp311-manylinux2014_x86_64.manylinux_2_17_x86_64.manylinux_2_28_x86_64.whl.metadata (46 kB)
Collecting urllib3<3,>=1.26 (from requests>=2.31->jupyterlab-server<3,>=2.28.0->jupyterlab->jupyter->pyqlib==0.9.8.dev32)
  Downloading http://pypi-mirror.modal.local:5555/simple/urllib3/urllib3-2.8.0-py3-none-any.whl.metadata (7.4 kB)
Collecting lark>=1.2.2 (from rfc3987-syntax>=1.1.0->jsonschema[format-nongpl]>=4.18.0->jupyter-events>=0.11.0->jupyter-server<3,>=2.19.0->jupyterlab->jupyter->pyqlib==0.9.8.dev32)
  Downloading http://pypi-mirror.modal.local:5555/simple/lark/lark-1.3.1-py3-none-any.whl.metadata (1.8 kB)
Collecting soupsieve>=1.6.1 (from beautifulsoup4->nbconvert->pyqlib==0.9.8.dev32)
  Downloading http://pypi-mirror.modal.local:5555/simple/soupsieve/soupsieve-3.0-py3-none-any.whl.metadata (4.4 kB)
Collecting arrow>=0.15.0 (from isoduration->jsonschema[format-nongpl]>=4.18.0->jupyter-events>=0.11.0->jupyter-server<3,>=2.19.0->jupyterlab->jupyter->pyqlib==0.9.8.dev32)
  Downloading http://pypi-mirror.modal.local:5555/simple/arrow/arrow-1.4.0-py3-none-any.whl.metadata (7.7 kB)
Collecting narwhals>=1.15 (from lightgbm->pyqlib==0.9.8.dev32)
  Downloading http://pypi-mirror.modal.local:5555/simple/narwhals/narwhals-2.27.1-py3-none-any.whl.metadata (15 kB)
Collecting contourpy>=1.0.1 (from matplotlib->pyqlib==0.9.8.dev32)
  Downloading http://pypi-mirror.modal.local:5555/simple/contourpy/contourpy-1.3.3-cp311-cp311-manylinux_2_27_x86_64.manylinux_2_28_x86_64.whl.metadata (5.5 kB)
Collecting cycler>=0.10 (from matplotlib->pyqlib==0.9.8.dev32)
  Downloading http://pypi-mirror.modal.local:5555/simple/cycler/cycler-0.12.1-py3-none-any.whl.metadata (3.8 kB)
Collecting fonttools>=4.28.2 (from matplotlib->pyqlib==0.9.8.dev32)
  Downloading http://pypi-mirror.modal.local:5555/simple/fonttools/fonttools-4.66.1-cp311-cp311-manylinux2014_x86_64.manylinux_2_17_x86_64.whl.metadata (130 kB)
Collecting kiwisolver>=1.3.1 (from matplotlib->pyqlib==0.9.8.dev32)
  Downloading http://pypi-mirror.modal.local:5555/simple/kiwisolver/kiwisolver-1.5.1-cp311-cp311-manylinux2014_x86_64.manylinux_2_17_x86_64.whl.metadata (5.2 kB)
Collecting pillow>=9 (from matplotlib->pyqlib==0.9.8.dev32)
  Downloading http://pypi-mirror.modal.local:5555/simple/pillow/pillow-12.3.0-cp311-cp311-manylinux_2_27_x86_64.manylinux_2_28_x86_64.whl.metadata (9.1 kB)
Collecting pyparsing>=3 (from matplotlib->pyqlib==0.9.8.dev32)
  Downloading http://pypi-mirror.modal.local:5555/simple/pyparsing/pyparsing-3.3.3-py3-none-any.whl.metadata (5.9 kB)
Collecting mlflow-skinny==3.17.0 (from mlflow->pyqlib==0.9.8.dev32)
  Downloading http://pypi-mirror.modal.local:5555/simple/mlflow-skinny/mlflow_skinny-3.17.0-py3-none-any.whl.metadata (51 kB)
Collecting mlflow-tracing==3.17.0 (from mlflow->pyqlib==0.9.8.dev32)
  Downloading http://pypi-mirror.modal.local:5555/simple/mlflow-tracing/mlflow_tracing-3.17.0-py3-none-any.whl.metadata (19 kB)
Collecting Flask-CORS<7 (from mlflow->pyqlib==0.9.8.dev32)
  Downloading http://pypi-mirror.modal.local:5555/simple/flask-cors/flask_cors-6.0.5-py3-none-any.whl.metadata (5.4 kB)
Collecting Flask<4 (from mlflow->pyqlib==0.9.8.dev32)
  Downloading http://pypi-mirror.modal.local:5555/simple/flask/flask-3.1.3-py3-none-any.whl.metadata (3.2 kB)
Collecting aiohttp<4,>=3.7.0 (from mlflow->pyqlib==0.9.8.dev32)
  Downloading http://pypi-mirror.modal.local:5555/simple/aiohttp/aiohttp-3.14.4-cp311-cp311-manylinux2014_x86_64.manylinux_2_17_x86_64.manylinux_2_28_x86_64.whl.metadata (8.3 kB)
Collecting alembic!=1.10.0,<2 (from mlflow->pyqlib==0.9.8.dev32)
  Downloading http://pypi-mirror.modal.local:5555/simple/alembic/alembic-1.20.0-py3-none-any.whl.metadata (7.3 kB)
Collecting cryptography<51,>=43.0.0 (from mlflow->pyqlib==0.9.8.dev32)
  Downloading http://pypi-mirror.modal.local:5555/simple/cryptography/cryptography-50.0.2-cp311-abi3-manylinux_2_34_x86_64.whl.metadata (4.4 kB)
Collecting docker<8,>=4.0.0 (from mlflow->pyqlib==0.9.8.dev32)
  Downloading http://pypi-mirror.modal.local:5555/simple/docker/docker-7.2.0-py3-none-any.whl.metadata (3.8 kB)
Collecting graphene<4 (from mlflow->pyqlib==0.9.8.dev32)
  Downloading http://pypi-mirror.modal.local:5555/simple/graphene/graphene-3.4.3-py2.py3-none-any.whl.metadata (6.9 kB)
Collecting gunicorn<27 (from mlflow->pyqlib==0.9.8.dev32)
  Downloading http://pypi-mirror.modal.local:5555/simple/gunicorn/gunicorn-26.2.0-py3-none-any.whl.metadata (5.5 kB)
Collecting huey<4,>=2.5.4 (from mlflow->pyqlib==0.9.8.dev32)
  Downloading http://pypi-mirror.modal.local:5555/simple/huey/huey-3.4.0-py3-none-any.whl.metadata (5.7 kB)
Collecting scikit-learn<2 (from mlflow->pyqlib==0.9.8.dev32)
  Downloading http://pypi-mirror.modal.local:5555/simple/scikit-learn/scikit_learn-1.9.1-cp311-cp311-manylinux_2_27_x86_64.manylinux_2_28_x86_64.whl.metadata (9.3 kB)
Collecting skops<1 (from mlflow->pyqlib==0.9.8.dev32)
  Downloading http://pypi-mirror.modal.local:5555/simple/skops/skops-0.16.0-py3-none-any.whl.metadata (4.3 kB)
Collecting sqlalchemy<3,>=1.4.0 (from mlflow->pyqlib==0.9.8.dev32)
  Downloading http://pypi-mirror.modal.local:5555/simple/sqlalchemy/sqlalchemy-2.1.4-cp311-cp311-manylinux2014_x86_64.manylinux_2_17_x86_64.manylinux_2_28_x86_64.whl.metadata (9.7 kB)
Collecting cachetools<8,>=5.0.0 (from mlflow-skinny==3.17.0->mlflow->pyqlib==0.9.8.dev32)
  Downloading http://pypi-mirror.modal.local:5555/simple/cachetools/cachetools-7.2.1-py3-none-any.whl.metadata (5.5 kB)
Collecting click<9,>=7.0 (from mlflow-skinny==3.17.0->mlflow->pyqlib==0.9.8.dev32)
  Downloading http://pypi-mirror.modal.local:5555/simple/click/click-8.5.0-py3-none-any.whl.metadata (2.6 kB)
Collecting databricks-sdk<1,>=0.20.0 (from mlflow-skinny==3.17.0->mlflow->pyqlib==0.9.8.dev32)
  Downloading http://pypi-mirror.modal.local:5555/simple/databricks-sdk/databricks_sdk-0.151.0-py3-none-any.whl.metadata (44 kB)
Collecting fastapi<1 (from mlflow-skinny==3.17.0->mlflow->pyqlib==0.9.8.dev32)
  Downloading http://pypi-mirror.modal.local:5555/simple/fastapi/fastapi-0.143.0-py3-none-any.whl.metadata (26 kB)
Collecting gitpython<4,>=3.1.9 (from mlflow-skinny==3.17.0->mlflow->pyqlib==0.9.8.dev32)
  Downloading http://pypi-mirror.modal.local:5555/simple/gitpython/gitpython-3.2.0-py3-none-any.whl.metadata (13 kB)
Collecting importlib_metadata!=4.7.0,<10,>=3.7.0 (from mlflow-skinny==3.17.0->mlflow->pyqlib==0.9.8.dev32)
  Downloading http://pypi-mirror.modal.local:5555/simple/importlib-metadata/importlib_metadata-9.0.1-py3-none-any.whl.metadata (4.5 kB)
Collecting opentelemetry-api<3,>=1.9.0 (from mlflow-skinny==3.17.0->mlflow->pyqlib==0.9.8.dev32)
  Downloading http://pypi-mirror.modal.local:5555/simple/opentelemetry-api/opentelemetry_api-1.45.1-py3-none-any.whl.metadata (1.4 kB)
Collecting opentelemetry-proto<3,>=1.9.0 (from mlflow-skinny==3.17.0->mlflow->pyqlib==0.9.8.dev32)
  Downloading http://pypi-mirror.modal.local:5555/simple/opentelemetry-proto/opentelemetry_proto-1.45.1-py3-none-any.whl.metadata (2.3 kB)
Collecting opentelemetry-sdk<3,>=1.9.0 (from mlflow-skinny==3.17.0->mlflow->pyqlib==0.9.8.dev32)
  Downloading http://pypi-mirror.modal.local:5555/simple/opentelemetry-sdk/opentelemetry_sdk-1.45.1-py3-none-any.whl.metadata (1.6 kB)
Collecting protobuf<8,>=3.12.0 (from mlflow-skinny==3.17.0->mlflow->pyqlib==0.9.8.dev32)
  Downloading http://pypi-mirror.modal.local:5555/simple/protobuf/protobuf-7.36.2-cp310-abi3-manylinux2014_x86_64.whl.metadata (595 bytes)
Collecting pydantic<3,>=2.0.0 (from mlflow-skinny==3.17.0->mlflow->pyqlib==0.9.8.dev32)
  Downloading http://pypi-mirror.modal.local:5555/simple/pydantic/pydantic-2.14.0-py3-none-any.whl.metadata (131 kB)
Collecting python-dotenv<2,>=0.19.0 (from mlflow-skinny==3.17.0->mlflow->pyqlib==0.9.8.dev32)
  Downloading http://pypi-mirror.modal.local:5555/simple/python-dotenv/python_dotenv-1.2.4-py3-none-any.whl.metadata (29 kB)
Collecting sqlparse<1,>=0.4.0 (from mlflow-skinny==3.17.0->mlflow->pyqlib==0.9.8.dev32)
  Downloading http://pypi-mirror.modal.local:5555/simple/sqlparse/sqlparse-0.6.0-py3-none-any.whl.metadata (6.0 kB)
Collecting starlette<2 (from mlflow-skinny==3.17.0->mlflow->pyqlib==0.9.8.dev32)
  Downloading http://pypi-mirror.modal.local:5555/simple/starlette/starlette-1.7.0-py3-none-any.whl.metadata (6.6 kB)
Collecting uvicorn<1 (from mlflow-skinny==3.17.0->mlflow->pyqlib==0.9.8.dev32)
  Downloading http://pypi-mirror.modal.local:5555/simple/uvicorn/uvicorn-0.54.0-py3-none-any.whl.metadata (6.6 kB)
Collecting aiohappyeyeballs>=2.5.0 (from aiohttp<4,>=3.7.0->mlflow->pyqlib==0.9.8.dev32)
  Downloading http://pypi-mirror.modal.local:5555/simple/aiohappyeyeballs/aiohappyeyeballs-2.7.1-py3-none-any.whl.metadata (5.9 kB)
Collecting aiosignal>=1.4.0 (from aiohttp<4,>=3.7.0->mlflow->pyqlib==0.9.8.dev32)
  Downloading http://pypi-mirror.modal.local:5555/simple/aiosignal/aiosignal-1.4.0-py3-none-any.whl.metadata (3.7 kB)
Collecting frozenlist>=1.1.1 (from aiohttp<4,>=3.7.0->mlflow->pyqlib==0.9.8.dev32)
  Downloading http://pypi-mirror.modal.local:5555/simple/frozenlist/frozenlist-1.8.0-cp311-cp311-manylinux1_x86_64.manylinux_2_28_x86_64.manylinux_2_5_x86_64.whl.metadata (20 kB)
Collecting multidict<7.0,>=4.5 (from aiohttp<4,>=3.7.0->mlflow->pyqlib==0.9.8.dev32)
  Downloading http://pypi-mirror.modal.local:5555/simple/multidict/multidict-6.9.1-cp311-cp311-manylinux2014_x86_64.manylinux_2_17_x86_64.manylinux_2_28_x86_64.whl.metadata (5.3 kB)
Collecting propcache>=0.2.0 (from aiohttp<4,>=3.7.0->mlflow->pyqlib==0.9.8.dev32)
  Downloading http://pypi-mirror.modal.local:5555/simple/propcache/propcache-0.5.4-cp311-cp311-manylinux2014_x86_64.manylinux_2_17_x86_64.manylinux_2_28_x86_64.whl.metadata (25 kB)
Collecting yarl<2.0,>=1.25.1 (from aiohttp<4,>=3.7.0->mlflow->pyqlib==0.9.8.dev32)
  Downloading http://pypi-mirror.modal.local:5555/simple/yarl/yarl-1.25.1-cp311-cp311-manylinux2014_x86_64.manylinux_2_17_x86_64.manylinux_2_28_x86_64.whl.metadata (111 kB)
Collecting Mako (from alembic!=1.10.0,<2->mlflow->pyqlib==0.9.8.dev32)
  Downloading http://pypi-mirror.modal.local:5555/simple/mako/mako-1.4.3-py3-none-any.whl.metadata (2.9 kB)
Collecting google-auth~=2.0 (from databricks-sdk<1,>=0.20.0->mlflow-skinny==3.17.0->mlflow->pyqlib==0.9.8.dev32)
  Downloading http://pypi-mirror.modal.local:5555/simple/google-auth/google_auth-2.61.0-py3-none-any.whl.metadata (6.0 kB)
Collecting protobuf<8,>=3.12.0 (from mlflow-skinny==3.17.0->mlflow->pyqlib==0.9.8.dev32)
  Downloading http://pypi-mirror.modal.local:5555/simple/protobuf/protobuf-6.33.6-cp39-abi3-manylinux2014_x86_64.whl.metadata (593 bytes)
Collecting typing-inspection>=0.4.2 (from fastapi<1->mlflow-skinny==3.17.0->mlflow->pyqlib==0.9.8.dev32)
  Downloading http://pypi-mirror.modal.local:5555/simple/typing-inspection/typing_inspection-0.4.4-py3-none-any.whl.metadata (2.6 kB)
Collecting annotated-doc>=0.0.2 (from fastapi<1->mlflow-skinny==3.17.0->mlflow->pyqlib==0.9.8.dev32)
  Downloading http://pypi-mirror.modal.local:5555/simple/annotated-doc/annotated_doc-0.0.5-py3-none-any.whl.metadata (6.5 kB)
Collecting blinker>=1.9.0 (from Flask<4->mlflow->pyqlib==0.9.8.dev32)
  Downloading http://pypi-mirror.modal.local:5555/simple/blinker/blinker-1.9.0-py3-none-any.whl.metadata (1.6 kB)
Collecting itsdangerous>=2.2.0 (from Flask<4->mlflow->pyqlib==0.9.8.dev32)
  Downloading http://pypi-mirror.modal.local:5555/simple/itsdangerous/itsdangerous-2.2.0-py3-none-any.whl.metadata (1.9 kB)
Collecting werkzeug>=3.1.0 (from Flask<4->mlflow->pyqlib==0.9.8.dev32)
  Downloading http://pypi-mirror.modal.local:5555/simple/werkzeug/werkzeug-3.1.9-py3-none-any.whl.metadata (4.1 kB)
Collecting gitdb<5,>=4.0.1 (from gitpython<4,>=3.1.9->mlflow-skinny==3.17.0->mlflow->pyqlib==0.9.8.dev32)
  Downloading http://pypi-mirror.modal.local:5555/simple/gitdb/gitdb-4.0.12-py3-none-any.whl.metadata (1.2 kB)
Collecting smmap<6,>=3.0.1 (from gitdb<5,>=4.0.1->gitpython<4,>=3.1.9->mlflow-skinny==3.17.0->mlflow->pyqlib==0.9.8.dev32)
  Downloading http://pypi-mirror.modal.local:5555/simple/smmap/smmap-5.0.3-py3-none-any.whl.metadata (4.6 kB)
Collecting pyasn1-modules>=0.2.1 (from google-auth~=2.0->databricks-sdk<1,>=0.20.0->mlflow-skinny==3.17.0->mlflow->pyqlib==0.9.8.dev32)
  Downloading http://pypi-mirror.modal.local:5555/simple/pyasn1-modules/pyasn1_modules-0.4.2-py3-none-any.whl.metadata (3.5 kB)
Collecting graphql-core<3.3,>=3.1 (from graphene<4->mlflow->pyqlib==0.9.8.dev32)
  Downloading http://pypi-mirror.modal.local:5555/simple/graphql-core/graphql_core-3.2.13-py3-none-any.whl.metadata (11 kB)
Collecting graphql-relay<3.3,>=3.1 (from graphene<4->mlflow->pyqlib==0.9.8.dev32)
  Downloading http://pypi-mirror.modal.local:5555/simple/graphql-relay/graphql_relay-3.2.0-py3-none-any.whl.metadata (12 kB)
Collecting zipp>=3.20 (from importlib_metadata!=4.7.0,<10,>=3.7.0->mlflow-skinny==3.17.0->mlflow->pyqlib==0.9.8.dev32)
  Downloading http://pypi-mirror.modal.local:5555/simple/zipp/zipp-4.1.1-py3-none-any.whl.metadata (3.6 kB)
Collecting opentelemetry-semantic-conventions==0.66b1 (from opentelemetry-sdk<3,>=1.9.0->mlflow-skinny==3.17.0->mlflow->pyqlib==0.9.8.dev32)
  Downloading http://pypi-mirror.modal.local:5555/simple/opentelemetry-semantic-conventions/opentelemetry_semantic_conventions-0.66b1-py3-none-any.whl.metadata (2.4 kB)
Collecting annotated-types>=0.6.0 (from pydantic<3,>=2.0.0->mlflow-skinny==3.17.0->mlflow->pyqlib==0.9.8.dev32)
  Downloading http://pypi-mirror.modal.local:5555/simple/annotated-types/annotated_types-0.8.0-py3-none-any.whl.metadata (15 kB)
Collecting pydantic-core==2.50.0 (from pydantic<3,>=2.0.0->mlflow-skinny==3.17.0->mlflow->pyqlib==0.9.8.dev32)
  Downloading http://pypi-mirror.modal.local:5555/simple/pydantic-core/pydantic_core-2.50.0-cp311-cp311-manylinux_2_17_x86_64.manylinux2014_x86_64.whl.metadata (6.5 kB)
Collecting threadpoolctl>=3.5.0 (from scikit-learn<2->mlflow->pyqlib==0.9.8.dev32)
  Downloading http://pypi-mirror.modal.local:5555/simple/threadpoolctl/threadpoolctl-3.7.0-py3-none-any.whl.metadata (24 kB)
Collecting prettytable>=3.9 (from skops<1->mlflow->pyqlib==0.9.8.dev32)
  Downloading http://pypi-mirror.modal.local:5555/simple/prettytable/prettytable-3.18.0-py3-none-any.whl.metadata (37 kB)
Collecting pyasn1<0.7.0,>=0.6.1 (from pyasn1-modules>=0.2.1->google-auth~=2.0->databricks-sdk<1,>=0.20.0->mlflow-skinny==3.17.0->mlflow->pyqlib==0.9.8.dev32)
  Downloading http://pypi-mirror.modal.local:5555/simple/pyasn1/pyasn1-0.6.4-py3-none-any.whl.metadata (8.4 kB)
Collecting dnspython<3.0.0,>=2.7.0 (from pymongo->pyqlib==0.9.8.dev32)
  Downloading http://pypi-mirror.modal.local:5555/simple/dnspython/dnspython-2.9.0-py3-none-any.whl.metadata (5.7 kB)
Requirement already satisfied: vcs-versioning<3,>=2.5.0.dev0 in /usr/local/lib/python3.11/site-packages (from setuptools-scm->pyqlib==0.9.8.dev32) (2.6.0)
Downloading http://pypi-mirror.modal.local:5555/simple/filelock/filelock-4.1.0-py3-none-any.whl (133 kB)
Downloading http://pypi-mirror.modal.local:5555/simple/ruamel-yaml/ruamel_yaml-0.19.1-py3-none-any.whl (118 kB)
Downloading http://pypi-mirror.modal.local:5555/simple/cvxpy/cvxpy-1.7.5-cp311-cp311-manylinux_2_24_x86_64.manylinux_2_28_x86_64.whl (1.2 MB)
   ━━━━━━━━━━━━━━━━━━━━━━━━━━━━━━━━━━━━━━━━ 1.2/1.2 MB 261.4 MB/s  0:00:00
Downloading http://pypi-mirror.modal.local:5555/simple/clarabel/clarabel-0.11.1-cp39-abi3-manylinux_2_17_x86_64.manylinux2014_x86_64.whl (1.2 MB)
   ━━━━━━━━━━━━━━━━━━━━━━━━━━━━━━━━━━━━━━━━ 1.2/1.2 MB 668.4 MB/s  0:00:00
Downloading http://pypi-mirror.modal.local:5555/simple/osqp/osqp-1.1.3-cp311-cp311-manylinux_2_24_x86_64.manylinux_2_28_x86_64.whl (351 kB)
Downloading http://pypi-mirror.modal.local:5555/simple/scipy/scipy-1.17.1-cp311-cp311-manylinux_2_27_x86_64.manylinux_2_28_x86_64.whl (35.3 MB)
   ━━━━━━━━━━━━━━━━━━━━━━━━━━━━━━━━━━━━━━━━ 35.3/35.3 MB 163.6 MB/s  0:00:00
Downloading http://pypi-mirror.modal.local:5555/simple/scs/scs-3.3.1-cp311-cp311-manylinux_2_27_x86_64.manylinux_2_28_x86_64.whl (43.2 MB)
   ━━━━━━━━━━━━━━━━━━━━━━━━━━━━━━━━━━━━━━━━ 43.2/43.2 MB 216.5 MB/s  0:00:00
Downloading http://pypi-mirror.modal.local:5555/simple/cffi/cffi-2.1.1-cp311-cp311-manylinux2014_x86_64.manylinux_2_17_x86_64.whl (217 kB)
Downloading http://pypi-mirror.modal.local:5555/simple/dill/dill-0.4.1-py3-none-any.whl (120 kB)
Downloading http://pypi-mirror.modal.local:5555/simple/fire/fire-0.7.1-py3-none-any.whl (115 kB)
Downloading http://pypi-mirror.modal.local:5555/simple/cloudpickle/cloudpickle-3.1.2-py3-none-any.whl (22 kB)
Downloading http://pypi-mirror.modal.local:5555/simple/gym-notices/gym_notices-0.1.0-py3-none-any.whl (3.3 kB)
Downloading http://pypi-mirror.modal.local:5555/simple/jinja2/jinja2-3.1.6-py3-none-any.whl (134 kB)
Downloading http://pypi-mirror.modal.local:5555/simple/markupsafe/markupsafe-3.0.4-cp311-cp311-manylinux2014_x86_64.manylinux_2_17_x86_64.manylinux_2_28_x86_64.whl (22 kB)
Downloading http://pypi-mirror.modal.local:5555/simple/joblib/joblib-1.6.0-py3-none-any.whl (306 kB)
Downloading http://pypi-mirror.modal.local:5555/simple/jupyter/jupyter-1.1.1-py2.py3-none-any.whl (2.7 kB)
Downloading http://pypi-mirror.modal.local:5555/simple/ipykernel/ipykernel-7.4.0-py3-none-any.whl (123 kB)
Downloading http://pypi-mirror.modal.local:5555/simple/comm/comm-0.2.3-py3-none-any.whl (7.3 kB)
Downloading http://pypi-mirror.modal.local:5555/simple/debugpy/debugpy-1.8.22-cp311-cp311-manylinux_2_34_x86_64.whl (3.1 MB)
   ━━━━━━━━━━━━━━━━━━━━━━━━━━━━━━━━━━━━━━━━ 3.1/3.1 MB 829.3 MB/s  0:00:00
Downloading http://pypi-mirror.modal.local:5555/simple/ipython/ipython-9.17.1-py3-none-any.whl (639 kB)
   ━━━━━━━━━━━━━━━━━━━━━━━━━━━━━━━━━━━━━━━━ 639.0/639.0 kB 592.0 MB/s  0:00:00
Downloading http://pypi-mirror.modal.local:5555/simple/prompt-toolkit/prompt_toolkit-3.0.53-py3-none-any.whl (392 kB)
Downloading http://pypi-mirror.modal.local:5555/simple/ipython-pygments-lexers/ipython_pygments_lexers-1.1.1-py3-none-any.whl (8.1 kB)
Downloading http://pypi-mirror.modal.local:5555/simple/jedi/jedi-0.20.0-py2.py3-none-any.whl (4.9 MB)
   ━━━━━━━━━━━━━━━━━━━━━━━━━━━━━━━━━━━━━━━━ 4.9/4.9 MB 391.2 MB/s  0:00:00
Downloading http://pypi-mirror.modal.local:5555/simple/parso/parso-0.8.7-py2.py3-none-any.whl (107 kB)
Downloading http://pypi-mirror.modal.local:5555/simple/jupyter-client/jupyter_client-8.10.0-py3-none-any.whl (110 kB)
Downloading http://pypi-mirror.modal.local:5555/simple/jupyter-core/jupyter_core-5.9.1-py3-none-any.whl (29 kB)
Downloading http://pypi-mirror.modal.local:5555/simple/matplotlib-inline/matplotlib_inline-0.2.2-py3-none-any.whl (9.5 kB)
Downloading http://pypi-mirror.modal.local:5555/simple/nest-asyncio2/nest_asyncio2-1.7.4-py3-none-any.whl (8.5 kB)
Downloading http://pypi-mirror.modal.local:5555/simple/pexpect/pexpect-4.9.0-py2.py3-none-any.whl (63 kB)
Downloading http://pypi-mirror.modal.local:5555/simple/platformdirs/platformdirs-4.12.4-py3-none-any.whl (32 kB)
Downloading http://pypi-mirror.modal.local:5555/simple/psutil/psutil-7.2.2-cp36-abi3-manylinux2010_x86_64.manylinux_2_12_x86_64.manylinux_2_28_x86_64.whl (155 kB)
Downloading http://pypi-mirror.modal.local:5555/simple/ptyprocess/ptyprocess-0.7.0-py2.py3-none-any.whl (13 kB)
Downloading http://pypi-mirror.modal.local:5555/simple/pygments/pygments-2.21.0-py3-none-any.whl (1.3 MB)
   ━━━━━━━━━━━━━━━━━━━━━━━━━━━━━━━━━━━━━━━━ 1.3/1.3 MB 949.3 MB/s  0:00:00
Downloading http://pypi-mirror.modal.local:5555/simple/pyzmq/pyzmq-27.2.0-cp311-cp311-manylinux_2_26_x86_64.manylinux_2_28_x86_64.whl (888 kB)
   ━━━━━━━━━━━━━━━━━━━━━━━━━━━━━━━━━━━━━━━━ 888.5/888.5 kB 850.1 MB/s  0:00:00
Downloading http://pypi-mirror.modal.local:5555/simple/stack-data/stack_data-0.6.3-py3-none-any.whl (24 kB)
Downloading http://pypi-mirror.modal.local:5555/simple/asttokens/asttokens-3.0.2-py3-none-any.whl (28 kB)
Downloading http://pypi-mirror.modal.local:5555/simple/executing/executing-2.3.0-py3-none-any.whl (29 kB)
Downloading http://pypi-mirror.modal.local:5555/simple/tornado/tornado-6.5.10-cp39-abi3-manylinux1_x86_64.manylinux_2_28_x86_64.manylinux_2_5_x86_64.whl (467 kB)
Downloading http://pypi-mirror.modal.local:5555/simple/traitlets/traitlets-5.16.1-py3-none-any.whl (86 kB)
Downloading http://pypi-mirror.modal.local:5555/simple/typing-extensions/typing_extensions-4.16.0-py3-none-any.whl (45 kB)
Downloading http://pypi-mirror.modal.local:5555/simple/wcwidth/wcwidth-0.9.2-cp310-abi3-manylinux2014_x86_64.manylinux_2_17_x86_64.whl (769 kB)
   ━━━━━━━━━━━━━━━━━━━━━━━━━━━━━━━━━━━━━━━━ 769.8/769.8 kB 975.6 MB/s  0:00:00
Downloading http://pypi-mirror.modal.local:5555/simple/ipywidgets/ipywidgets-8.1.9-py3-none-any.whl (140 kB)
Downloading http://pypi-mirror.modal.local:5555/simple/jupyterlab-widgets/jupyterlab_widgets-3.0.17-py3-none-any.whl (217 kB)
Downloading http://pypi-mirror.modal.local:5555/simple/widgetsnbextension/widgetsnbextension-4.0.16-py3-none-any.whl (2.2 MB)
   ━━━━━━━━━━━━━━━━━━━━━━━━━━━━━━━━━━━━━━━━ 2.2/2.2 MB 208.7 MB/s  0:00:00
Downloading http://pypi-mirror.modal.local:5555/simple/jupyter-console/jupyter_console-6.6.3-py3-none-any.whl (24 kB)
Downloading http://pypi-mirror.modal.local:5555/simple/jupyterlab/jupyterlab-4.6.4-py3-none-any.whl (17.2 MB)
   ━━━━━━━━━━━━━━━━━━━━━━━━━━━━━━━━━━━━━━━━ 17.2/17.2 MB 164.5 MB/s  0:00:00
Downloading http://pypi-mirror.modal.local:5555/simple/httpx/httpx-0.28.1-py3-none-any.whl (73 kB)
Downloading http://pypi-mirror.modal.local:5555/simple/httpcore/httpcore-1.0.9-py3-none-any.whl (78 kB)
Downloading http://pypi-mirror.modal.local:5555/simple/jupyter-server/jupyter_server-2.21.1-py3-none-any.whl (394 kB)
Downloading http://pypi-mirror.modal.local:5555/simple/jupyterlab-server/jupyterlab_server-2.28.1-py3-none-any.whl (60 kB)
Downloading http://pypi-mirror.modal.local:5555/simple/anyio/anyio-4.15.1-py3-none-any.whl (132 kB)
Downloading http://pypi-mirror.modal.local:5555/simple/argon2-cffi/argon2_cffi-25.1.0-py3-none-any.whl (14 kB)
Downloading http://pypi-mirror.modal.local:5555/simple/async-lru/async_lru-2.3.0-py3-none-any.whl (8.4 kB)
Downloading http://pypi-mirror.modal.local:5555/simple/babel/babel-2.18.0-py3-none-any.whl (10.2 MB)
   ━━━━━━━━━━━━━━━━━━━━━━━━━━━━━━━━━━━━━━━━ 10.2/10.2 MB 615.5 MB/s  0:00:00
Downloading http://pypi-mirror.modal.local:5555/simple/h11/h11-0.16.0-py3-none-any.whl (37 kB)
Downloading http://pypi-mirror.modal.local:5555/simple/idna/idna-3.20-py3-none-any.whl (69 kB)
Downloading http://pypi-mirror.modal.local:5555/simple/json5/json5-0.17.3-py3-none-any.whl (34 kB)
Downloading http://pypi-mirror.modal.local:5555/simple/jsonschema/jsonschema-4.26.0-py3-none-any.whl (90 kB)
Downloading http://pypi-mirror.modal.local:5555/simple/attrs/attrs-26.1.0-py3-none-any.whl (67 kB)
Downloading http://pypi-mirror.modal.local:5555/simple/jsonschema-specifications/jsonschema_specifications-2025.9.1-py3-none-any.whl (18 kB)
Downloading http://pypi-mirror.modal.local:5555/simple/jupyter-builder/jupyter_builder-1.2.3-py3-none-any.whl (947 kB)
   ━━━━━━━━━━━━━━━━━━━━━━━━━━━━━━━━━━━━━━━━ 947.5/947.5 kB 451.2 MB/s  0:00:00
Downloading http://pypi-mirror.modal.local:5555/simple/jupyter-events/jupyter_events-0.12.1-py3-none-any.whl (19 kB)
Downloading http://pypi-mirror.modal.local:5555/simple/jsonpointer/jsonpointer-3.2.0-py3-none-any.whl (8.2 kB)
Downloading http://pypi-mirror.modal.local:5555/simple/jupyter-lsp/jupyter_lsp-2.3.1-py3-none-any.whl (77 kB)
Downloading http://pypi-mirror.modal.local:5555/simple/jupyter-server-terminals/jupyter_server_terminals-0.5.4-py3-none-any.whl (13 kB)
Downloading http://pypi-mirror.modal.local:5555/simple/nbconvert/nbconvert-7.17.1-py3-none-any.whl (261 kB)
Downloading http://pypi-mirror.modal.local:5555/simple/mistune/mistune-3.3.4-py3-none-any.whl (66 kB)
Downloading http://pypi-mirror.modal.local:5555/simple/bleach/bleach-6.4.0-py3-none-any.whl (165 kB)
Downloading http://pypi-mirror.modal.local:5555/simple/nbclient/nbclient-0.11.0-py3-none-any.whl (25 kB)
Downloading http://pypi-mirror.modal.local:5555/simple/nbformat/nbformat-5.11.1-py3-none-any.whl (79 kB)
Downloading http://pypi-mirror.modal.local:5555/simple/fastjsonschema/fastjsonschema-2.22.2-py3-none-any.whl (27 kB)
Downloading http://pypi-mirror.modal.local:5555/simple/notebook-shim/notebook_shim-0.2.4-py3-none-any.whl (13 kB)
Downloading http://pypi-mirror.modal.local:5555/simple/overrides/overrides-7.7.0-py3-none-any.whl (17 kB)
Downloading http://pypi-mirror.modal.local:5555/simple/pandocfilters/pandocfilters-1.5.1-py2.py3-none-any.whl (8.7 kB)
Downloading http://pypi-mirror.modal.local:5555/simple/prometheus-client/prometheus_client-0.26.0-py3-none-any.whl (64 kB)
Downloading http://pypi-mirror.modal.local:5555/simple/python-json-logger/python_json_logger-4.2.0-py3-none-any.whl (14 kB)
Downloading http://pypi-mirror.modal.local:5555/simple/pyyaml/pyyaml-6.0.3-cp311-cp311-manylinux2014_x86_64.manylinux_2_17_x86_64.manylinux_2_28_x86_64.whl (806 kB)
   ━━━━━━━━━━━━━━━━━━━━━━━━━━━━━━━━━━━━━━━━ 806.6/806.6 kB 897.0 MB/s  0:00:00
Downloading http://pypi-mirror.modal.local:5555/simple/referencing/referencing-0.37.0-py3-none-any.whl (26 kB)
Downloading http://pypi-mirror.modal.local:5555/simple/requests/requests-2.34.2-py3-none-any.whl (73 kB)
Downloading http://pypi-mirror.modal.local:5555/simple/charset-normalizer/charset_normalizer-3.5.2-cp311-cp311-manylinux2014_x86_64.manylinux_2_17_x86_64.manylinux_2_28_x86_64.whl (269 kB)
Downloading http://pypi-mirror.modal.local:5555/simple/urllib3/urllib3-2.8.0-py3-none-any.whl (135 kB)
Downloading http://pypi-mirror.modal.local:5555/simple/certifi/certifi-2026.7.22-py3-none-any.whl (136 kB)
Downloading http://pypi-mirror.modal.local:5555/simple/rfc3986-validator/rfc3986_validator-0.1.1-py2.py3-none-any.whl (4.2 kB)
Downloading http://pypi-mirror.modal.local:5555/simple/rfc3987-syntax/rfc3987_syntax-1.1.0-py3-none-any.whl (8.0 kB)
Downloading http://pypi-mirror.modal.local:5555/simple/lark/lark-1.3.1-py3-none-any.whl (113 kB)
Downloading http://pypi-mirror.modal.local:5555/simple/rpds-py/rpds_py-2026.9.1-cp311-cp311-manylinux_2_17_x86_64.manylinux2014_x86_64.whl (375 kB)
Downloading http://pypi-mirror.modal.local:5555/simple/send2trash/send2trash-2.1.0-py3-none-any.whl (17 kB)
Downloading http://pypi-mirror.modal.local:5555/simple/terminado/terminado-0.18.1-py3-none-any.whl (14 kB)
Downloading http://pypi-mirror.modal.local:5555/simple/tinycss2/tinycss2-1.5.1-py3-none-any.whl (28 kB)
Downloading http://pypi-mirror.modal.local:5555/simple/webcolors/webcolors-25.10.0-py3-none-any.whl (14 kB)
Downloading http://pypi-mirror.modal.local:5555/simple/webencodings/webencodings-0.6.1-py3-none-any.whl (8.7 kB)
Downloading http://pypi-mirror.modal.local:5555/simple/websocket-client/websocket_client-1.9.2-py3-none-any.whl (95 kB)
Downloading http://pypi-mirror.modal.local:5555/simple/argon2-cffi-bindings/argon2_cffi_bindings-26.1.0-cp310-abi3-manylinux_2_26_x86_64.manylinux_2_28_x86_64.whl (26 kB)
Downloading http://pypi-mirror.modal.local:5555/simple/beautifulsoup4/beautifulsoup4-4.15.0-py3-none-any.whl (109 kB)
Downloading http://pypi-mirror.modal.local:5555/simple/soupsieve/soupsieve-3.0-py3-none-any.whl (41 kB)
Downloading http://pypi-mirror.modal.local:5555/simple/defusedxml/defusedxml-0.7.1-py2.py3-none-any.whl (25 kB)
Downloading http://pypi-mirror.modal.local:5555/simple/fqdn/fqdn-1.6.0-py3-none-any.whl (12 kB)
Downloading http://pypi-mirror.modal.local:5555/simple/isoduration/isoduration-20.11.0-py3-none-any.whl (11 kB)
Downloading http://pypi-mirror.modal.local:5555/simple/arrow/arrow-1.4.0-py3-none-any.whl (68 kB)
Downloading http://pypi-mirror.modal.local:5555/simple/jupyterlab-pygments/jupyterlab_pygments-0.3.0-py3-none-any.whl (15 kB)
Downloading http://pypi-mirror.modal.local:5555/simple/lightgbm/lightgbm-4.7.0-py3-none-manylinux_2_27_x86_64.manylinux_2_28_x86_64.whl (3.5 MB)
   ━━━━━━━━━━━━━━━━━━━━━━━━━━━━━━━━━━━━━━━━ 3.5/3.5 MB 206.1 MB/s  0:00:00
Downloading http://pypi-mirror.modal.local:5555/simple/narwhals/narwhals-2.27.1-py3-none-any.whl (483 kB)
Downloading http://pypi-mirror.modal.local:5555/simple/loguru/loguru-0.7.3-py3-none-any.whl (61 kB)
Downloading http://pypi-mirror.modal.local:5555/simple/matplotlib/matplotlib-3.11.2-cp311-cp311-manylinux2014_x86_64.manylinux_2_17_x86_64.whl (9.9 MB)
   ━━━━━━━━━━━━━━━━━━━━━━━━━━━━━━━━━━━━━━━━ 9.9/9.9 MB 206.7 MB/s  0:00:00
Downloading http://pypi-mirror.modal.local:5555/simple/contourpy/contourpy-1.3.3-cp311-cp311-manylinux_2_27_x86_64.manylinux_2_28_x86_64.whl (355 kB)
Downloading http://pypi-mirror.modal.local:5555/simple/cycler/cycler-0.12.1-py3-none-any.whl (8.3 kB)
Downloading http://pypi-mirror.modal.local:5555/simple/fonttools/fonttools-4.66.1-cp311-cp311-manylinux2014_x86_64.manylinux_2_17_x86_64.whl (5.4 MB)
   ━━━━━━━━━━━━━━━━━━━━━━━━━━━━━━━━━━━━━━━━ 5.4/5.4 MB 191.4 MB/s  0:00:00
Downloading http://pypi-mirror.modal.local:5555/simple/kiwisolver/kiwisolver-1.5.1-cp311-cp311-manylinux2014_x86_64.manylinux_2_17_x86_64.whl (1.4 MB)
   ━━━━━━━━━━━━━━━━━━━━━━━━━━━━━━━━━━━━━━━━ 1.4/1.4 MB 199.5 MB/s  0:00:00
Downloading http://pypi-mirror.modal.local:5555/simple/pillow/pillow-12.3.0-cp311-cp311-manylinux_2_27_x86_64.manylinux_2_28_x86_64.whl (6.9 MB)
   ━━━━━━━━━━━━━━━━━━━━━━━━━━━━━━━━━━━━━━━━ 6.9/6.9 MB 648.5 MB/s  0:00:00
Downloading http://pypi-mirror.modal.local:5555/simple/pyparsing/pyparsing-3.3.3-py3-none-any.whl (126 kB)
Downloading http://pypi-mirror.modal.local:5555/simple/mlflow/mlflow-3.17.0-py3-none-any.whl (12.0 MB)
   ━━━━━━━━━━━━━━━━━━━━━━━━━━━━━━━━━━━━━━━━ 12.0/12.0 MB 565.2 MB/s  0:00:00
Downloading http://pypi-mirror.modal.local:5555/simple/mlflow-skinny/mlflow_skinny-3.17.0-py3-none-any.whl (4.1 MB)
   ━━━━━━━━━━━━━━━━━━━━━━━━━━━━━━━━━━━━━━━━ 4.1/4.1 MB 574.0 MB/s  0:00:00
Downloading http://pypi-mirror.modal.local:5555/simple/mlflow-tracing/mlflow_tracing-3.17.0-py3-none-any.whl (2.0 MB)
   ━━━━━━━━━━━━━━━━━━━━━━━━━━━━━━━━━━━━━━━━ 2.0/2.0 MB 758.4 MB/s  0:00:00
Downloading http://pypi-mirror.modal.local:5555/simple/aiohttp/aiohttp-3.14.4-cp311-cp311-manylinux2014_x86_64.manylinux_2_17_x86_64.manylinux_2_28_x86_64.whl (1.9 MB)
   ━━━━━━━━━━━━━━━━━━━━━━━━━━━━━━━━━━━━━━━━ 1.9/1.9 MB 755.7 MB/s  0:00:00
Downloading http://pypi-mirror.modal.local:5555/simple/alembic/alembic-1.20.0-py3-none-any.whl (268 kB)
Downloading http://pypi-mirror.modal.local:5555/simple/cachetools/cachetools-7.2.1-py3-none-any.whl (17 kB)
Downloading http://pypi-mirror.modal.local:5555/simple/click/click-8.5.0-py3-none-any.whl (125 kB)
Downloading http://pypi-mirror.modal.local:5555/simple/cryptography/cryptography-50.0.2-cp311-abi3-manylinux_2_34_x86_64.whl (4.8 MB)
   ━━━━━━━━━━━━━━━━━━━━━━━━━━━━━━━━━━━━━━━━ 4.8/4.8 MB 693.0 MB/s  0:00:00
Downloading http://pypi-mirror.modal.local:5555/simple/databricks-sdk/databricks_sdk-0.151.0-py3-none-any.whl (1.1 MB)
   ━━━━━━━━━━━━━━━━━━━━━━━━━━━━━━━━━━━━━━━━ 1.1/1.1 MB 104.9 MB/s  0:00:00
Downloading http://pypi-mirror.modal.local:5555/simple/docker/docker-7.2.0-py3-none-any.whl (148 kB)
Downloading http://pypi-mirror.modal.local:5555/simple/fastapi/fastapi-0.143.0-py3-none-any.whl (144 kB)
Downloading http://pypi-mirror.modal.local:5555/simple/flask/flask-3.1.3-py3-none-any.whl (103 kB)
Downloading http://pypi-mirror.modal.local:5555/simple/flask-cors/flask_cors-6.0.5-py3-none-any.whl (16 kB)
Downloading http://pypi-mirror.modal.local:5555/simple/gitpython/gitpython-3.2.0-py3-none-any.whl (228 kB)
Downloading http://pypi-mirror.modal.local:5555/simple/gitdb/gitdb-4.0.12-py3-none-any.whl (62 kB)
Downloading http://pypi-mirror.modal.local:5555/simple/google-auth/google_auth-2.61.0-py3-none-any.whl (268 kB)
Downloading http://pypi-mirror.modal.local:5555/simple/graphene/graphene-3.4.3-py2.py3-none-any.whl (114 kB)
Downloading http://pypi-mirror.modal.local:5555/simple/graphql-core/graphql_core-3.2.13-py3-none-any.whl (268 kB)
Downloading http://pypi-mirror.modal.local:5555/simple/graphql-relay/graphql_relay-3.2.0-py3-none-any.whl (16 kB)
Downloading http://pypi-mirror.modal.local:5555/simple/gunicorn/gunicorn-26.2.0-py3-none-any.whl (228 kB)
Downloading http://pypi-mirror.modal.local:5555/simple/huey/huey-3.4.0-py3-none-any.whl (136 kB)
Downloading http://pypi-mirror.modal.local:5555/simple/importlib-metadata/importlib_metadata-9.0.1-py3-none-any.whl (27 kB)
Downloading http://pypi-mirror.modal.local:5555/simple/multidict/multidict-6.9.1-cp311-cp311-manylinux2014_x86_64.manylinux_2_17_x86_64.manylinux_2_28_x86_64.whl (320 kB)
Downloading http://pypi-mirror.modal.local:5555/simple/opentelemetry-api/opentelemetry_api-1.45.1-py3-none-any.whl (60 kB)
Downloading http://pypi-mirror.modal.local:5555/simple/opentelemetry-proto/opentelemetry_proto-1.45.1-py3-none-any.whl (72 kB)
Downloading http://pypi-mirror.modal.local:5555/simple/opentelemetry-sdk/opentelemetry_sdk-1.45.1-py3-none-any.whl (140 kB)
Downloading http://pypi-mirror.modal.local:5555/simple/opentelemetry-semantic-conventions/opentelemetry_semantic_conventions-0.66b1-py3-none-any.whl (206 kB)
Downloading http://pypi-mirror.modal.local:5555/simple/protobuf/protobuf-6.33.6-cp39-abi3-manylinux2014_x86_64.whl (323 kB)
Downloading http://pypi-mirror.modal.local:5555/simple/pydantic/pydantic-2.14.0-py3-none-any.whl (487 kB)
Downloading http://pypi-mirror.modal.local:5555/simple/pydantic-core/pydantic_core-2.50.0-cp311-cp311-manylinux_2_17_x86_64.manylinux2014_x86_64.whl (2.2 MB)
   ━━━━━━━━━━━━━━━━━━━━━━━━━━━━━━━━━━━━━━━━ 2.2/2.2 MB 390.9 MB/s  0:00:00
Downloading http://pypi-mirror.modal.local:5555/simple/python-dotenv/python_dotenv-1.2.4-py3-none-any.whl (23 kB)
Downloading http://pypi-mirror.modal.local:5555/simple/scikit-learn/scikit_learn-1.9.1-cp311-cp311-manylinux_2_27_x86_64.manylinux_2_28_x86_64.whl (9.3 MB)
   ━━━━━━━━━━━━━━━━━━━━━━━━━━━━━━━━━━━━━━━━ 9.3/9.3 MB 130.3 MB/s  0:00:00
Downloading http://pypi-mirror.modal.local:5555/simple/skops/skops-0.16.0-py3-none-any.whl (148 kB)
Downloading http://pypi-mirror.modal.local:5555/simple/smmap/smmap-5.0.3-py3-none-any.whl (24 kB)
Downloading http://pypi-mirror.modal.local:5555/simple/sqlalchemy/sqlalchemy-2.1.4-cp311-cp311-manylinux2014_x86_64.manylinux_2_17_x86_64.manylinux_2_28_x86_64.whl (4.7 MB)
   ━━━━━━━━━━━━━━━━━━━━━━━━━━━━━━━━━━━━━━━━ 4.7/4.7 MB 268.2 MB/s  0:00:00
Downloading http://pypi-mirror.modal.local:5555/simple/sqlparse/sqlparse-0.6.0-py3-none-any.whl (50 kB)
Downloading http://pypi-mirror.modal.local:5555/simple/starlette/starlette-1.7.0-py3-none-any.whl (78 kB)
Downloading http://pypi-mirror.modal.local:5555/simple/uvicorn/uvicorn-0.54.0-py3-none-any.whl (87 kB)
Downloading http://pypi-mirror.modal.local:5555/simple/yarl/yarl-1.25.1-cp311-cp311-manylinux2014_x86_64.manylinux_2_17_x86_64.manylinux_2_28_x86_64.whl (117 kB)
Downloading http://pypi-mirror.modal.local:5555/simple/aiohappyeyeballs/aiohappyeyeballs-2.7.1-py3-none-any.whl (15 kB)
Downloading http://pypi-mirror.modal.local:5555/simple/aiosignal/aiosignal-1.4.0-py3-none-any.whl (7.5 kB)
Downloading http://pypi-mirror.modal.local:5555/simple/annotated-doc/annotated_doc-0.0.5-py3-none-any.whl (5.3 kB)
Downloading http://pypi-mirror.modal.local:5555/simple/annotated-types/annotated_types-0.8.0-py3-none-any.whl (13 kB)
Downloading http://pypi-mirror.modal.local:5555/simple/blinker/blinker-1.9.0-py3-none-any.whl (8.5 kB)
Downloading http://pypi-mirror.modal.local:5555/simple/frozenlist/frozenlist-1.8.0-cp311-cp311-manylinux1_x86_64.manylinux_2_28_x86_64.manylinux_2_5_x86_64.whl (231 kB)
Downloading http://pypi-mirror.modal.local:5555/simple/itsdangerous/itsdangerous-2.2.0-py3-none-any.whl (16 kB)
Downloading http://pypi-mirror.modal.local:5555/simple/prettytable/prettytable-3.18.0-py3-none-any.whl (37 kB)
Downloading http://pypi-mirror.modal.local:5555/simple/propcache/propcache-0.5.4-cp311-cp311-manylinux2014_x86_64.manylinux_2_17_x86_64.manylinux_2_28_x86_64.whl (235 kB)
Downloading http://pypi-mirror.modal.local:5555/simple/pyasn1-modules/pyasn1_modules-0.4.2-py3-none-any.whl (181 kB)
Downloading http://pypi-mirror.modal.local:5555/simple/pyasn1/pyasn1-0.6.4-py3-none-any.whl (84 kB)
Downloading http://pypi-mirror.modal.local:5555/simple/threadpoolctl/threadpoolctl-3.7.0-py3-none-any.whl (26 kB)
Downloading http://pypi-mirror.modal.local:5555/simple/typing-inspection/typing_inspection-0.4.4-py3-none-any.whl (14 kB)
Downloading http://pypi-mirror.modal.local:5555/simple/werkzeug/werkzeug-3.1.9-py3-none-any.whl (228 kB)
Downloading http://pypi-mirror.modal.local:5555/simple/zipp/zipp-4.1.1-py3-none-any.whl (10 kB)
Downloading http://pypi-mirror.modal.local:5555/simple/mako/mako-1.4.3-py3-none-any.whl (80 kB)
Downloading http://pypi-mirror.modal.local:5555/simple/notebook/notebook-7.6.3-py3-none-any.whl (5.5 MB)
   ━━━━━━━━━━━━━━━━━━━━━━━━━━━━━━━━━━━━━━━━ 5.5/5.5 MB 218.0 MB/s  0:00:00
Downloading http://pypi-mirror.modal.local:5555/simple/pure-eval/pure_eval-0.2.4-py3-none-any.whl (11 kB)
Downloading http://pypi-mirror.modal.local:5555/simple/pycparser/pycparser-3.11-py3-none-any.whl (51 kB)
Downloading http://pypi-mirror.modal.local:5555/simple/pydantic-settings/pydantic_settings-2.15.0-py3-none-any.whl (69 kB)
Downloading http://pypi-mirror.modal.local:5555/simple/pymongo/pymongo-4.18.3-cp311-cp311-manylinux2014_x86_64.manylinux_2_17_x86_64.manylinux_2_28_x86_64.whl (1.0 MB)
   ━━━━━━━━━━━━━━━━━━━━━━━━━━━━━━━━━━━━━━━━ 1.0/1.0 MB 767.9 MB/s  0:00:00
Downloading http://pypi-mirror.modal.local:5555/simple/dnspython/dnspython-2.9.0-py3-none-any.whl (354 kB)
Downloading http://pypi-mirror.modal.local:5555/simple/python-redis-lock/python_redis_lock-4.0.1-py3-none-any.whl (12 kB)
Downloading http://pypi-mirror.modal.local:5555/simple/redis/redis-8.1.0-py3-none-any.whl (560 kB)
   ━━━━━━━━━━━━━━━━━━━━━━━━━━━━━━━━━━━━━━━━ 560.6/560.6 kB 1.2 GB/s  0:00:00
Downloading http://pypi-mirror.modal.local:5555/simple/rfc3339-validator/rfc3339_validator-0.1.4-py2.py3-none-any.whl (3.5 kB)
Downloading http://pypi-mirror.modal.local:5555/simple/termcolor/termcolor-3.3.0-py3-none-any.whl (7.7 kB)
Downloading http://pypi-mirror.modal.local:5555/simple/tqdm/tqdm-4.70.1-py3-none-any.whl (80 kB)
Downloading http://pypi-mirror.modal.local:5555/simple/uri-template/uri_template-1.3.0-py3-none-any.whl (11 kB)
Building wheels for collected packages: pyqlib, gym
  Building wheel for pyqlib (pyproject.toml): started
  Building wheel for pyqlib (pyproject.toml): finished with status 'done'
  Created wheel for pyqlib: filename=pyqlib-0.9.8.dev32-cp311-cp311-linux_x86_64.whl size=709188 sha256=2faba1c45a4f0fcf9784f7dd91141a05127fb46e614ecfd0e49587fd0d423397
  Stored in directory: /tmp/pip-ephem-wheel-cache-gp9g0r10/wheels/8a/ac/64/f88c7ac84944a20272007d6cddfbefc44854b8bdf0b03cbb33
  Building wheel for gym (pyproject.toml): started
  Building wheel for gym (pyproject.toml): finished with status 'done'
  Created wheel for gym: filename=gym-0.26.2-py3-none-any.whl size=827622 sha256=942bf3564a8d3bbdc7aaf448c9cea4b091810a3661cccec83dc5f597ef751805
  Stored in directory: /tmp/pip-ephem-wheel-cache-gp9g0r10/wheels/a4/13/4b/8408f70f502f0ae162222b6507822d2e04108d824875226b00
Successfully built pyqlib gym
Installing collected packages: pure-eval, ptyprocess, huey, gym-notices, zipp, widgetsnbextension, websocket-client, webencodings, webcolors, wcwidth, urllib3, uri-template, typing_extensions, traitlets, tqdm, tornado, threadpoolctl, termcolor, sqlparse, soupsieve, smmap, send2trash, scipy, ruamel.yaml, rpds-py, rfc3986-validator, rfc3339-validator, redis, pyzmq, pyyaml, python-json-logger, python-dotenv, pyparsing, pygments, pycparser, pyasn1, psutil, protobuf, propcache, prometheus-client, platformdirs, pillow, pexpect, parso, pandocfilters, overrides, nest-asyncio2, narwhals, multidict, mistune, MarkupSafe, loguru, lark, kiwisolver, jupyterlab_widgets, jupyterlab-pygments, jsonpointer, json5, itsdangerous, idna, h11, gunicorn, graphql-core, frozenlist, fqdn, fonttools, filelock, fastjsonschema, executing, dnspython, dill, defusedxml, debugpy, cycler, contourpy, comm, cloudpickle, click, charset_normalizer, certifi, cachetools, blinker, babel, attrs, async-lru, asttokens, annotated-types, annotated-doc, aiohappyeyeballs, yarl, werkzeug, uvicorn, typing-inspection, tinycss2, terminado, stack_data, sqlalchemy, scs, rfc3987-syntax, requests, referencing, python-redis-lock, pymongo, pydantic-core, pyasn1-modules, prompt_toolkit, prettytable, opentelemetry-proto, opentelemetry-api, matplotlib-inline, matplotlib, Mako, lightgbm, jupyter-core, joblib, jinja2, jedi, ipython-pygments-lexers, importlib_metadata, httpcore, gym, graphql-relay, gitdb, fire, cffi, bleach, beautifulsoup4, arrow, anyio, aiosignal, starlette, scikit-learn, pydantic, osqp, opentelemetry-semantic-conventions, jupyter-server-terminals, jupyter-client, jupyter-builder, jsonschema-specifications, isoduration, ipython, httpx, graphene, gitpython, Flask, docker, cryptography, clarabel, argon2-cffi-bindings, alembic, aiohttp, skops, pydantic-settings, opentelemetry-sdk, jsonschema, ipywidgets, ipykernel, google-auth, Flask-CORS, fastapi, cvxpy, argon2-cffi, nbformat, jupyter-console, databricks-sdk, nbclient, mlflow-tracing, mlflow-skinny, jupyter-events, nbconvert, mlflow, jupyter-server, notebook-shim, jupyterlab-server, jupyter-lsp, jupyterlab, notebook, jupyter, pyqlib

Successfully installed Flask-3.1.3 Flask-CORS-6.0.5 Mako-1.4.3 MarkupSafe-3.0.4 aiohappyeyeballs-2.7.1 aiohttp-3.14.4 aiosignal-1.4.0 alembic-1.20.0 annotated-doc-0.0.5 annotated-types-0.8.0 anyio-4.15.1 argon2-cffi-25.1.0 argon2-cffi-bindings-26.1.0 arrow-1.4.0 asttokens-3.0.2 async-lru-2.3.0 attrs-26.1.0 babel-2.18.0 beautifulsoup4-4.15.0 bleach-6.4.0 blinker-1.9.0 cachetools-7.2.1 certifi-2026.7.22 cffi-2.1.1 charset_normalizer-3.5.2 clarabel-0.11.1 click-8.5.0 cloudpickle-3.1.2 comm-0.2.3 contourpy-1.3.3 cryptography-50.0.2 cvxpy-1.7.5 cycler-0.12.1 databricks-sdk-0.151.0 debugpy-1.8.22 defusedxml-0.7.1 dill-0.4.1 dnspython-2.9.0 docker-7.2.0 executing-2.3.0 fastapi-0.143.0 fastjsonschema-2.22.2 filelock-4.1.0 fire-0.7.1 fonttools-4.66.1 fqdn-1.6.0 frozenlist-1.8.0 gitdb-4.0.12 gitpython-3.2.0 google-auth-2.61.0 graphene-3.4.3 graphql-core-3.2.13 graphql-relay-3.2.0 gunicorn-26.2.0 gym-0.26.2 gym-notices-0.1.0 h11-0.16.0 httpcore-1.0.9 httpx-0.28.1 huey-3.4.0 idna-3.20 importlib_metadata-9.0.1 ipykernel-7.4.0 ipython-9.17.1 ipython-pygments-lexers-1.1.1 ipywidgets-8.1.9 isoduration-20.11.0 itsdangerous-2.2.0 jedi-0.20.0 jinja2-3.1.6 joblib-1.6.0 json5-0.17.3 jsonpointer-3.2.0 jsonschema-4.26.0 jsonschema-specifications-2025.9.1 jupyter-1.1.1 jupyter-builder-1.2.3 jupyter-client-8.10.0 jupyter-console-6.6.3 jupyter-core-5.9.1 jupyter-events-0.12.1 jupyter-lsp-2.3.1 jupyter-server-2.21.1 jupyter-server-terminals-0.5.4 jupyterlab-4.6.4 jupyterlab-pygments-0.3.0 jupyterlab-server-2.28.1 jupyterlab_widgets-3.0.17 kiwisolver-1.5.1 lark-1.3.1 lightgbm-4.7.0 loguru-0.7.3 matplotlib-3.11.2 matplotlib-inline-0.2.2 mistune-3.3.4 mlflow-3.17.0 mlflow-skinny-3.17.0 mlflow-tracing-3.17.0 multidict-6.9.1 narwhals-2.27.1 nbclient-0.11.0 nbconvert-7.17.1 nbformat-5.11.1 nest-asyncio2-1.7.4 notebook-7.6.3 notebook-shim-0.2.4 opentelemetry-api-1.45.1 opentelemetry-proto-1.45.1 opentelemetry-sdk-1.45.1 opentelemetry-semantic-conventions-0.66b1 osqp-1.1.3 overrides-7.7.0 pandocfilters-1.5.1 parso-0.8.7 pexpect-4.9.0 pillow-12.3.0 platformdirs-4.12.4 prettytable-3.18.0 prometheus-client-0.26.0 prompt_toolkit-3.0.53 propcache-0.5.4 protobuf-6.33.6 psutil-7.2.2 ptyprocess-0.7.0 pure-eval-0.2.4 pyasn1-0.6.4 pyasn1-modules-0.4.2 pycparser-3.11 pydantic-2.14.0 pydantic-core-2.50.0 pydantic-settings-2.15.0 pygments-2.21.0 pymongo-4.18.3 pyparsing-3.3.3 pyqlib-0.9.8.dev32 python-dotenv-1.2.4 python-json-logger-4.2.0 python-redis-lock-4.0.1 pyyaml-6.0.3 pyzmq-27.2.0 redis-8.1.0 referencing-0.37.0 requests-2.34.2 rfc3339-validator-0.1.4 rfc3986-validator-0.1.1 rfc3987-syntax-1.1.0 rpds-py-2026.9.1 ruamel.yaml-0.19.1 scikit-learn-1.9.1 scipy-1.17.1 scs-3.3.1 send2trash-2.1.0 skops-0.16.0 smmap-5.0.3 soupsieve-3.0 sqlalchemy-2.1.4 sqlparse-0.6.0 stack_data-0.6.3 starlette-1.7.0 termcolor-3.3.0 terminado-0.18.1 threadpoolctl-3.7.0 tinycss2-1.5.1 tornado-6.5.10 tqdm-4.70.1 traitlets-5.16.1 typing-inspection-0.4.4 typing_extensions-4.16.0 uri-template-1.3.0 urllib3-2.8.0 uvicorn-0.54.0 wcwidth-0.9.2 webcolors-25.10.0 webencodings-0.6.1 websocket-client-1.9.2 werkzeug-3.1.9 widgetsnbextension-4.0.16 yarl-1.25.1 zipp-4.1.1

[notice] A new release of pip is available: 25.2 -> 26.2.1
[notice] To update, run: pip install --upgrade pip
Saving image...
Image saved, took 2.01s

Built image im-hiMXzMSOOuTvFMfW3n7XD7 in 58.55s


✓ Created objects.
├── ✓ Uploaded ~/git_repos/qlib/audit/modal_stage_b_ledger.py
├── ✓ Uploaded ~/git_repos/qlib
└── ✓ Created Function audit_once.
Audit JSON written locally: /tmp/csi1000-stageb-closeout-baseline-p00.json; cells=0; exit=1
Stopping app - uncaught exception raised locally: RuntimeError('Audit did not pass; inspect the retained local JSON: /tmp/csi1000-stageb-closeout-baseline-p00.json').
╭───────────────────── Traceback (most recent call last) ──────────────────────╮
│ ~/git_repos/qlib/audit/modal_stage_b_ledger.py:93 in main             │
│                                                                              │
│   92 │   if result["modal_command_exit_code"] != 0:                          │
│ ❱ 93 │   │   raise RuntimeError(f"Audit did not pass; inspect the retained l │
│   94                                                                         │
╰──────────────────────────────────────────────────────────────────────────────╯
RuntimeError: Audit did not pass; inspect the retained local JSON: 
/tmp/csi1000-stageb-closeout-baseline-p00.json
